[0;32mI (13) boot: ESP-IDF v5.3.2 2nd stage bootloader[0m
[0;32mI (13) boot: compile time Jan 14 2025 11:37:42[0m
[0;32mI (13) boot: Multicore bootloader[0m
[0;32mI (17) boot: chip revision: v3.1[0m
[0;32mI (20) boot.esp32: SPI Speed      : 40MHz[0m
[0;32mI (25) boot.esp32: SPI Mode       : DIO[0m
[0;32mI (30) boot.esp32: SPI Flash Size : 4MB[0m
[0;32mI (34) boot: Enabling RNG early entropy source...[0m
[0;32mI (40) boot: Partition Table:[0m
[0;32mI (43) boot: ## Label            Usage          Type ST Offset   Length[0m
[0;32mI (50) boot:  0 nvs              WiFi data        01 02 00011000 00019000[0m
[0;32mI (58) boot:  1 otadata          OTA data         01 00 0002a000 00002000[0m
[0;32mI (65) boot:  2 phy_init         RF data          01 01 0002c000 00001000[0m
[0;32mI (73) boot:  3 ota_0            OTA app          00 10 00030000 001a9000[0m
[0;32mI (80) boot:  4 ota_1            OTA app          00 11 001e0000 001a9000[0m
[0;32mI (88) boot:  5 ot_storage       Unknown data     01 3a 00389000 00002000[0m
[0;32mI (95) boot: End of partition table[0m
[0;32mI (99) boot: No factory image, trying OTA 0[0m
[0;32mI (104) esp_image: segment 0: paddr=00030020 vaddr=3f400020 size=2a948h (174408) map[0m
[0;32mI (173) esp_image: segment 1: paddr=0005a970 vaddr=3ffb0000 size=0434ch ( 17228) load[0m
[0;32mI (179) esp_image: segment 2: paddr=0005ecc4 vaddr=40080000 size=01354h (  4948) load[0m
[0;32mI (181) esp_image: segment 3: paddr=00060020 vaddr=400d0020 size=dc04ch (901196) map[0m
[0;32mI (496) esp_image: segment 4: paddr=0013c074 vaddr=40081354 size=19b78h (105336) load[0m
[0;32mI (550) boot: Loaded app from partition at offset 0x30000[0m
[0;32mI (566) boot: Set actual ota_seq=1 in otadata[0][0m
[0;32mI (566) boot: Disabling RNG early entropy source...[0m
[0;32mI (578) cpu_start: Multicore app[0m
[0;32mI (586) cpu_start: Pro cpu start user code[0m
[0;32mI (586) cpu_start: cpu freq: 160000000 Hz[0m
[0;32mI (587) app_init: Application information:[0m
[0;32mI (589) app_init: Project name:     IOT_HOSHIDEN_20250114_113600[0m
[0;32mI (596) app_init: App version:      1.0.2_20250114_113600[0m
[0;32mI (602) app_init: Compile time:     Jan 14 2025 11:36:23[0m
[0;32mI (608) app_init: ELF file SHA256:  cdde6198bff4ca02...[0m
[0;32mI (614) app_init: ESP-IDF:          v5.3.2[0m
[0;32mI (619) efuse_init: Min chip rev:     v0.0[0m
[0;32mI (624) efuse_init: Max chip rev:     v3.99 [0m
[0;32mI (629) efuse_init: Chip rev:         v3.1[0m
[0;32mI (634) heap_init: Initializing. RAM available for dynamic allocation:[0m
[0;32mI (641) heap_init: At 3FFAE6E0 len 00001920 (6 KiB): DRAM[0m
[0;32mI (647) heap_init: At 3FFB9E88 len 00026178 (152 KiB): DRAM[0m
[0;32mI (653) heap_init: At 3FFE0440 len 00003AE0 (14 KiB): D/IRAM[0m
[0;32mI (659) heap_init: At 3FFE4350 len 0001BCB0 (111 KiB): D/IRAM[0m
[0;32mI (666) heap_init: At 4009AECC len 00005134 (20 KiB): IRAM[0m
[0;32mI (673) spi_flash: detected chip: generic[0m
[0;32mI (677) spi_flash: flash io: dio[0m
[0;32mI (682) main_task: Started on CPU0[0m
[0;32mI (692) main_task: Calling app_main()[0m
[0;32mI (692) MAIN: Initialising WiFi Connection...[0m
[0;32mI (732) gpio: GPIO[34]| InputEn: 1| OutputEn: 0| OpenDrain: 0| Pullup: 0| Pulldown: 0| Intr:0 [0m
[0;32mI (732) gpio: GPIO[35]| InputEn: 1| OutputEn: 0| OpenDrain: 0| Pullup: 0| Pulldown: 0| Intr:0 [0m
[0;32mI (742) gpio: GPIO[36]| InputEn: 1| OutputEn: 0| OpenDrain: 0| Pullup: 0| Pulldown: 0| Intr:0 [0m
[0;32mI (752) gpio: GPIO[39]| InputEn: 1| OutputEn: 0| OpenDrain: 0| Pullup: 0| Pulldown: 0| Intr:0 [0m
[0;32mI (762) gpio: GPIO[2]| InputEn: 0| OutputEn: 1| OpenDrain: 0| Pullup: 0| Pulldown: 0| Intr:0 [0m
[0;32mI (772) gpio: GPIO[14]| InputEn: 0| OutputEn: 1| OpenDrain: 0| Pullup: 0| Pulldown: 0| Intr:0 [0m
[0;32mI (772) gpio: GPIO[15]| InputEn: 0| OutputEn: 1| OpenDrain: 0| Pullup: 0| Pulldown: 0| Intr:0 [0m
[0;32mI (782) gpio: GPIO[25]| InputEn: 0| OutputEn: 1| OpenDrain: 0| Pullup: 0| Pulldown: 0| Intr:0 [0m
[0;32mI (792) gpio: GPIO[26]| InputEn: 0| OutputEn: 1| OpenDrain: 0| Pullup: 0| Pulldown: 0| Intr:0 [0m
[0;32mI (802) gpio: GPIO[27]| InputEn: 0| OutputEn: 1| OpenDrain: 0| Pullup: 0| Pulldown: 0| Intr:0 [0m
[0;32mI (812) IO: Starting[0m
[0;32mI (812) NVS: Hoan thanh
[0m
[0;32mI (822) uart: ESP_INTR_FLAG_IRAM fla[0;32mI (852) esp_eth.netif.netif_glue: 0a:d1:f9:3a:77:a8[0m
[0;32mI (852) esp_eth.netif.netif_glue: ethernet attached to netif[0m
[0;32mI (862) ETHERNET-TASK: Ethernet Started[0m
[0;32mI (862) ETHERNET-TASK: Waiting for IP Address Allocation..............[0m
[0;31mE (862) esp_netif_lwip: esp_netif_new_api: Failed to configure netif with config=0x3ffbc160 (config or if_key is NULL or duplicate key)[0m
[0;31mE (872) ETHERNET-TASK: Failed to create netif[0m
ESP_ERROR_CHECK failed: esp_err_t 0xffffffff (ESP_FAIL) at 0x400d9e0f
file: "./main/Ethernet.c" line 237
func: Eth_Start
expression: ETH_W5500_Set_Static_IP(eth_handles[i])

abort() was called at PC 0x4008c22b on core 0


Backtrace: 0x40081c2a:0x3ffbc0c0 0x4008c235:0x3ffbc0e0 0x40094a91:0x3ffbc100 0x4008c22b:0x3ffbc170 0x400d9e0f:0x3ffbc1a0 0x400d961b:0x3ffbc240 0x400d8481:0x3ffbc270 0x401a8d03:0x3ffbc2e0 0x4008cdfd:0x3ffbc310




ELF file SHA256: cdde6198bff4ca02

Rebooting...
[0;32mI (13) boot: ESP-IDF v5.3.2 2nd stage bootloader[0m
[0;32mI (13) boot: compile time Jan 14 2025 11:37:42[0m
[0;32mI (13) boot: Multicore bootloader[0m
[0;32mI (16) boot: chip revision: v3.1[0m
[0;32mI (20) boot.esp32: SPI Speed      : 40MHz[0m
[0;32mI (25) boot.esp32: SPI Mode       : DIO[0m
[0;32mI (29) boot.esp32: SPI Flash Size : 4MB[0m
[0;32mI (34) boot: Enabling RNG early entropy source...[0m
[0;32mI (39) boot: Partition Table:[0m
[0;32mI (43) boot: ## Label            Usage          Type ST Offset   Length[0m
[0;32mI (50) boot:  0 nvs              WiFi data        01 02 00011000 00019000[0m
[0;32mI (57) boot:  1 otadata          OTA data         01 00 0002a000 00002000[0m
[0;32mI (65) boot:  2 phy_init         RF data          01 01 0002c000 00001000[0m
[0;32mI (72) boot:  3 ota_0            OTA app          00 10 00030000 001a9000[0m
[0;32mI (80) boot:  4 ota_1            OTA app          00 11 001e0000 001a9000[0m
[0;32mI (87) boot:  5 ot_storage       Unknown data     01 3a 00389000 00002000[0m
[0;32mI (95) boot: End of partition table[0m
[0;32mI (99) esp_image: segment 0: paddr=00030020 vaddr=3f400020 size=2a948h (174408) map[0m
[0;32mI (167) esp_image: segment 1: paddr=0005a970 vaddr=3ffb0000 size=0434ch ( 17228) load[0m
[0;32mI (174) esp_image: segment 2: paddr=0005ecc4 vaddr=40080000 size=01354h (  4948) load[0m
[0;32mI (176) esp_image: segment 3: paddr=00060020 vaddr=400d0020 size=dc04ch (901196) map[0m
[0;32mI (490) esp_image: segment 4: paddr=0013c074 vaddr=40081354 size=19b78h (105336) load[0m
[0;32mI (545) boot: Loaded app from partition at offset 0x30000[0m
[0;32mI (545) boot: Disabling RNG early entropy source...[0m
[0;32mI (558) cpu_start: Multicore app[0m
[0;32mI (566) cpu_start: Pro cpu start user code[0m
[0;32mI (566) cpu_start: cpu freq: 160000000 Hz[0m
[0;32mI (566) app_init: Application information:[0m
[0;32mI (569) app_init: Project name:     IOT_HOSHIDEN_20250114_113600[0m
[0;32mI (576) app_init: App version:      1.0.2_20250114_113600[0m
[0;32mI (582) app_init: Compile time:     Jan 14 2025 11:36:23[0m
[0;32mI (588) app_init: ELF file SHA256:  cdde6198bff4ca02...[0m
[0;32mI (594) app_init: ESP-IDF:          v5.3.2[0m
[0;32mI (598) efuse_init: Min chip rev:     v0.0[0m
[0;32mI (603) efuse_init: Max chip rev:     v3.99 [0m
[0;32mI (608) efuse_init: Chip rev:         v3.1[0m
[0;32mI (613) heap_init: Initializing. RAM available for dynamic allocation:[0m
[0;32mI (620) heap_init: At 3FFAE6E0 len 00001920 (6 KiB): DRAM[0m
[0;32mI (626) heap_init: At 3FFB9E88 len 00026178 (152 KiB): DRAM[0m
[0;32mI (632) heap_init: At 3FFE0440 len 00003AE0 (14 KiB): D/IRAM[0m
[0;32mI (639) heap_init: At 3FFE4350 len 0001BCB0 (111 KiB): D/IRAM[0m
[0;32mI (645) heap_init: At 4009AECC len 00005134 (20 KiB): IRAM[0m
[0;32mI (653) spi_flash: detected chip: generic[0m
[0;32mI (656) spi_flash: flash io: dio[0m
[0;32mI (662) main_task: Started on CPU0[0m
[0;32mI (672) main_task: Calling app_main()[0m
[0;32mI (672) MAIN: Initialising WiFi Connection...[0m
[0;32mI (712) gpio: GPIO[34]| InputEn: 1| OutputEn: 0| OpenDrain: 0| Pullup: 0| Pulldown: 0| Intr:0 [0m
[0;32mI (712) gpio: GPIO[35]| InputEn: 1| OutputEn: 0| OpenDrain: 0| Pullup: 0| Pulldown: 0| Intr:0 [0m
[0;32mI (722) gpio: GPIO[36]| InputEn: 1| OutputEn: 0| OpenDrain: 0| Pullup: 0| Pulldown: 0| Intr:0 [0m
[0;32mI (732) gpio: GPIO[39]| InputEn: 1| OutputEn: 0| OpenDrain: 0| Pullup: 0| Pulldown: 0| Intr:0 [0m
[0;32mI (742) gpio: GPIO[2]| InputEn: 0| OutputEn: 1| OpenDrain: 0| Pullup: 0| Pulldown: 0| Intr:0 [0m
[0;32mI (752) gpio: GPIO[14]| InputEn: 0| OutputEn: 1| OpenDrain: 0| Pullup: 0| Pulldown: 0| Intr:0 [0m
[0;32mI (752) gpio: GPIO[15]| InputEn: 0| OutputEn: 1| OpenDrain: 0| Pullup: 0| Pulldown: 0| Intr:0 [0m
[0;32mI (762) gpio: GPIO[25]| InputEn: 0| OutputEn: 1| OpenDrain: 0| Pullup: 0| Pulldown: 0| Intr:0 [0m
[0;32mI (772) gpio: GPIO[26]| InputEn: 0| OutputEn: 1| OpenDrain: 0| Pullup: 0| Pulldown: 0| Intr:0 [0m
[0;32mI (782) gpio: GPIO[27]| InputEn: 0| OutputEn: 1| OpenDrain: 0| Pullup: 0| Pulldown: 0| Intr:0 [0m
[0;32mI (792) IO: Starting[0m
[0;32mI (792) NVS: Hoan thanh
[0m
[0;32mI (802) uart: ESP_INTR_FLAG_IRAM fla[0;32mI (832) esp_eth.netif.netif_glue: 0a:d1:f9:3a:77:a8[0m
[0;32mI (832) esp_eth.netif.netif_glue: ethernet attached to netif[0m
[0;32mI (842) ETHERNET-TASK: Ethernet Started[0m
[0;32mI (842) ETHERNET-TASK: Waiting for IP Address Allocation..............[0m
[0;31mE (842) esp_netif_lwip: esp_netif_new_api: Failed to configure netif with config=0x3ffbc160 (config or if_key is NULL or duplicate key)[0m
[0;31mE (852) ETHERNET-TASK: Failed to create netif[0m
ESP_ERROR_CHECK failed: esp_err_t 0xffffffff (ESP_FAIL) at 0x400d9e0f
file: "./main/Ethernet.c" line 237
func: Eth_Start
expression: ETH_W5500_Set_Static_IP(eth_handles[i])

abort() was called at PC 0x4008c22b on core 0


Backtrace: 0x40081c2a:0x3ffbc0c0 0x4008c235:0x3ffbc0e0 0x40094a91:0x3ffbc100 0x4008c22b:0x3ffbc170 0x400d9e0f:0x3ffbc1a0 0x400d961b:0x3ffbc240 0x400d8481:0x3ffbc270 0x401a8d03:0x3ffbc2e0 0x4008cdfd:0x3ffbc310




ELF file SHA256: cdde6198bff4ca02

Rebooting...
[0;32mI (13) boot: ESP-IDF v5.3.2 2nd stage bootloader[0m
[0;32mI (13) boot: compile time Jan 14 2025 11:37:42[0m
[0;32mI (13) boot: Multicore bootloader[0m
[0;32mI (16) boot: chip revision: v3.1[0m
[0;32mI (20) boot.esp32: SPI Speed      : 40MHz[0m
[0;32mI (25) boot.esp32: SPI Mode       : DIO[0m
[0;32mI (29) boot.esp32: SPI Flash Size : 4MB[0m
[0;32mI (34) boot: Enabling RNG early entropy source...[0m
[0;32mI (39) boot: Partition Table:[0m
[0;32mI (43) boot: ## Label            Usage          Type ST Offset   Length[0m
[0;32mI (50) boot:  0 nvs              WiFi data        01 02 00011000 00019000[0m
[0;32mI (57) boot:  1 otadata          OTA data         01 00 0002a000 00002000[0m
[0;32mI (65) boot:  2 phy_init         RF data          01 01 0002c000 00001000[0m
[0;32mI (72) boot:  3 ota_0            OTA app          00 10 00030000 001a9000[0m
[0;32mI (80) boot:  4 ota_1            OTA app          00 11 001e0000 001a9000[0m
[0;32mI (87) boot:  5 ot_storage       Unknown data     01 3a 00389000 00002000[0m
[0;32mI (95) boot: End of partition table[0m
[0;32mI (99) esp_image: segment 0: paddr=00030020 vaddr=3f400020 size=2a948h (174408) map[0m
[0;32mI (167) esp_image: segment 1: paddr=0005a970 vaddr=3ffb0000 size=0434ch ( 17228) load[0m
[0;32mI (174) esp_image: segment 2: paddr=0005ecc4 vaddr=40080000 size=01354h (  4948) load[0m
[0;32mI (176) esp_image: segment 3: paddr=00060020 vaddr=400d0020 size=dc04ch (901196) map[0m
[0;32mI (490) esp_image: segment 4: paddr=0013c074 vaddr=40081354 size=19b78h (105336) load[0m
[0;32mI (545) boot: Loaded app from partition at offset 0x30000[0m
[0;32mI (545) boot: Disabling RNG early entropy source...[0m
[0;32mI (558) cpu_start: Multicore app[0m
[0;32mI (566) cpu_start: Pro cpu start user code[0m
[0;32mI (566) cpu_start: cpu freq: 160000000 Hz[0m
[0;32mI (566) app_init: Application information:[0m
[0;32mI (569) app_init: Project name:     IOT_HOSHIDEN_20250114_113600[0m
[0;32mI (576) app_init: App version:      1.0.2_20250114_113600[0m
[0;32mI (582) app_init: Compile time:     Jan 14 2025 11:36:23[0m
[0;32mI (588) app_init: ELF file SHA256:  cdde6198bff4ca02...[0m
[0;32mI (594) app_init: ESP-IDF:          v5.3.2[0m
[0;32mI (598) efuse_init: Min chip rev:     v0.0[0m
[0;32mI (603) efuse_init: Max chip rev:     v3.99 [0m
[0;32mI (608) efuse_init: Chip rev:         v3.1[0m
[0;32mI (613) heap_init: Initializing. RAM available for dynamic allocation:[0m
[0;32mI (620) heap_init: At 3FFAE6E0 len 00001920 (6 KiB): DRAM[0m
[0;32mI (626) heap_init: At 3FFB9E88 len 00026178 (152 KiB): DRAM[0m
[0;32mI (632) heap_init: At 3FFE0440 len 00003AE0 (14 KiB): D/IRAM[0m
[0;32mI (639) heap_init: At 3FFE4350 len 0001BCB0 (111 KiB): D/IRAM[0m
[0;32mI (645) heap_init: At 4009AECC len 00005134 (20 KiB): IRAM[0m
[0;32mI (653) spi_flash: detected chip: generic[0m
[0;32mI (656) spi_flash: flash io: dio[0m
[0;32mI (662) main_task: Started on CPU0[0m
[0;32mI (672) main_task: Calling app_main()[0m
[0;32mI (672) MAIN: Initialising WiFi Connection...[0m
[0;32mI (712) gpio: GPIO[34]| InputEn: 1| OutputEn: 0| OpenDrain: 0| Pullup: 0| Pulldown: 0| Intr:0 [0m
[0;32mI (712) gpio: GPIO[35]| InputEn: 1| OutputEn: 0| OpenDrain: 0| Pullup: 0| Pulldown: 0| Intr:0 [0m
[0;32mI (722) gpio: GPIO[36]| InputEn: 1| OutputEn: 0| OpenDrain: 0| Pullup: 0| Pulldown: 0| Intr:0 [0m
[0;32mI (732) gpio: GPIO[39]| InputEn: 1| OutputEn: 0| OpenDrain: 0| Pullup: 0| Pulldown: 0| Intr:0 [0m
[0;32mI (742) gpio: GPIO[2]| InputEn: 0| OutputEn: 1| OpenDrain: 0| Pullup: 0| Pulldown: 0| Intr:0 [0m
[0;32mI (752) gpio: GPIO[14]| InputEn: 0| OutputEn: 1| OpenDrain: 0| Pullup: 0| Pulldown: 0| Intr:0 [0m
[0;32mI (752) gpio: GPIO[15]| InputEn: 0| OutputEn: 1| OpenDrain: 0| Pullup: 0| Pulldown: 0| Intr:0 [0m
[0;32mI (762) gpio: GPIO[25]| InputEn: 0| OutputEn: 1| OpenDrain: 0| Pullup: 0| Pulldown: 0| Intr:0 [0m
[0;32mI (772) gpio: GPIO[26]| InputEn: 0| OutputEn: 1| OpenDrain: 0| Pullup: 0| Pulldown: 0| Intr:0 [0m
[0;32mI (782) gpio: GPIO[27]| InputEn: 0| OutputEn: 1| OpenDrain: 0| Pullup: 0| Pulldown: 0| Intr:0 [0m
[0;32mI (792) IO: Starting[0m
[0;32mI (792) NVS: Hoan thanh
[0m
[0;32mI (802) uart: ESP_INTR_FLAG_IRAM fla[0;32mI (832) esp_eth.netif.netif_glue: 0a:d1:f9:3a:77:a8[0m
[0;32mI (832) esp_eth.netif.netif_glue: ethernet attached to netif[0m
[0;32mI (842) ETHERNET-TASK: Ethernet Started[0m
[0;32mI (842) ETHERNET-TASK: Waiting for IP Address Allocation..............[0m
[0;31mE (842) esp_netif_lwip: esp_netif_new_api: Failed to configure netif with config=0x3ffbc160 (config or if_key is NULL or duplicate key)[0m
[0;31mE (852) ETHERNET-TASK: Failed to create netif[0m
ESP_ERROR_CHECK failed: esp_err_t 0xffffffff (ESP_FAIL) at 0x400d9e0f
file: "./main/Ethernet.c" line 237
func: Eth_Start
expression: ETH_W5500_Set_Static_IP(eth_handles[i])

abort() was called at PC 0x4008c22b on core 0


Backtrace: 0x40081c2a:0x3ffbc0c0 0x4008c235:0x3ffbc0e0 0x40094a91:0x3ffbc100 0x4008c22b:0x3ffbc170 0x400d9e0f:0x3ffbc1a0 0x400d961b:0x3ffbc240 0x400d8481:0x3ffbc270 0x401a8d03:0x3ffbc2e0 0x4008cdfd:0x3ffbc310




ELF file SHA256: cdde6198bff4ca02

Rebooting...
[0;32mI (13) boot: ESP-IDF v5.3.2 2nd stage bootloader[0m
[0;32mI (13) boot: compile time Jan 14 2025 11:37:42[0m
[0;32mI (13) boot: Multicore bootloader[0m
[0;32mI (16) boot: chip revision: v3.1[0m
[0;32mI (20) boot.esp32: SPI Speed      : 40MHz[0m
[0;32mI (25) boot.esp32: SPI Mode       : DIO[0m
[0;32mI (29) boot.esp32: SPI Flash Size : 4MB[0m
[0;32mI (34) boot: Enabling RNG early entropy source...[0m
[0;32mI (39) boot: Partition Table:[0m
[0;32mI (43) boot: ## Label            Usage          Type ST Offset   Length[0m
[0;32mI (50) boot:  0 nvs              WiFi data        01 02 00011000 00019000[0m
[0;32mI (57) boot:  1 otadata          OTA data         01 00 0002a000 00002000[0m
[0;32mI (65) boot:  2 phy_init         RF data          01 01 0002c000 00001000[0m
[0;32mI (72) boot:  3 ota_0            OTA app          00 10 00030000 001a9000[0m
[0;32mI (80) boot:  4 ota_1            OTA app          00 11 001e0000 001a9000[0m
[0;32mI (87) boot:  5 ot_storage       Unknown data     01 3a 00389000 00002000[0m
[0;32mI (95) boot: End of partition table[0m
[0;32mI (99) esp_image: segment 0: paddr=00030020 vaddr=3f400020 size=2a948h (174408) map[0m
[0;32mI (167) esp_image: segment 1: paddr=0005a970 vaddr=3ffb0000 size=0434ch ( 17228) load[0m
[0;32mI (174) esp_image: segment 2: paddr=0005ecc4 vaddr=40080000 size=01354h (  4948) load[0m
[0;32mI (176) esp_image: segment 3: paddr=00060020 vaddr=400d0020 size=dc04ch (901196) map[0m
[0;32mI (490) esp_image: segment 4: paddr=0013c074 vaddr=40081354 size=19b78h (105336) load[0m
[0;32mI (545) boot: Loaded app from partition at offset 0x30000[0m
[0;32mI (545) boot: Disabling RNG early entropy source...[0m
[0;32mI (558) cpu_start: Multicore app[0m
[0;32mI (566) cpu_start: Pro cpu start user code[0m
[0;32mI (566) cpu_start: cpu freq: 160000000 Hz[0m
[0;32mI (566) app_init: Application information:[0m
[0;32mI (569) app_init: Project name:     IOT_HOSHIDEN_20250114_113600[0m
[0;32mI (576) app_init: App version:      1.0.2_20250114_113600[0m
[0;32mI (582) app_init: Compile time:     Jan 14 2025 11:36:23[0m
[0;32mI (588) app_init: ELF file SHA256:  cdde6198bff4ca02...[0m
[0;32mI (594) app_init: ESP-IDF:          v5.3.2[0m
[0;32mI (598) efuse_init: Min chip rev:     v0.0[0m
[0;32mI (603) efuse_init: Max chip rev:     v3.99 [0m
[0;32mI (608) efuse_init: Chip rev:         v3.1[0m
[0;32mI (613) heap_init: Initializing. RAM available for dynamic allocation:[0m
[0;32mI (620) heap_init: At 3FFAE6E0 len 00001920 (6 KiB): DRAM[0m
[0;32mI (626) heap_init: At 3FFB9E88 len 00026178 (152 KiB): DRAM[0m
[0;32mI (632) heap_init: At 3FFE0440 len 00003AE0 (14 KiB): D/IRAM[0m
[0;32mI (639) heap_init: At 3FFE4350 len 0001BCB0 (111 KiB): D/IRAM[0m
[0;32mI (645) heap_init: At 4009AECC len 00005134 (20 KiB): IRAM[0m
[0;32mI (653) spi_flash: detected chip: generic[0m
[0;32mI (656) spi_flash: flash io: dio[0m
[0;32mI (662) main_task: Started on CPU0[0m
[0;32mI (672) main_task: Calling app_main()[0m
[0;32mI (672) MAIN: Initialising WiFi Connection...[0m
[0;32mI (712) gpio: GPIO[34]| InputEn: 1| OutputEn: 0| OpenDrain: 0| Pullup: 0| Pulldown: 0| Intr:0 [0m
[0;32mI (712) gpio: GPIO[35]| InputEn: 1| OutputEn: 0| OpenDrain: 0| Pullup: 0| Pulldown: 0| Intr:0 [0m
[0;32mI (722) gpio: GPIO[36]| InputEn: 1| OutputEn: 0| OpenDrain: 0| Pullup: 0| Pulldown: 0| Intr:0 [0m
[0;32mI (732) gpio: GPIO[39]| InputEn: 1| OutputEn: 0| OpenDrain: 0| Pullup: 0| Pulldown: 0| Intr:0 [0m
[0;32mI (742) gpio: GPIO[2]| InputEn: 0| OutputEn: 1| OpenDrain: 0| Pullup: 0| Pulldown: 0| Intr:0 [0m
[0;32mI (752) gpio: GPIO[14]| InputEn: 0| OutputEn: 1| OpenDrain: 0| Pullup: 0| Pulldown: 0| Intr:0 [0m
[0;32mI (752) gpio: GPIO[15]| InputEn: 0| OutputEn: 1| OpenDrain: 0| Pullup: 0| Pulldown: 0| Intr:0 [0m
[0;32mI (762) gpio: GPIO[25]| InputEn: 0| OutputEn: 1| OpenDrain: 0| Pullup: 0| Pulldown: 0| Intr:0 [0m
[0;32mI (772) gpio: GPIO[26]| InputEn: 0| OutputEn: 1| OpenDrain: 0| Pullup: 0| Pulldown: 0| Intr:0 [0m
[0;32mI (782) gpio: GPIO[27]| InputEn: 0| OutputEn: 1| OpenDrain: 0| Pullup: 0| Pulldown: 0| Intr:0 [0m
[0;32mI (792) IO: Starting[0m
[0;32mI (792) NVS: Hoan thanh
[0m
[0;32mI (802) uart: ESP_INTR_FLAG_IRAM fla[0;32mI (832) esp_eth.netif.netif_glue: 0a:d1:f9:3a:77:a8[0m
[0;32mI (832) esp_eth.netif.netif_glue: ethernet attached to netif[0m
[0;32mI (842) ETHERNET-TASK: Ethernet Started[0m
[0;32mI (842) ETHERNET-TASK: Waiting for IP Address Allocation..............[0m
[0;31mE (842) esp_netif_lwip: esp_netif_new_api: Failed to configure netif with config=0x3ffbc160 (config or if_key is NULL or duplicate key)[0m
[0;31mE (852) ETHERNET-TASK: Failed to create netif[0m
ESP_ERROR_CHECK failed: esp_err_t 0xffffffff (ESP_FAIL) at 0x400d9e0f
file: "./main/Ethernet.c" line 237
func: Eth_Start
expression: ETH_W5500_Set_Static_IP(eth_handles[i])

abort() was called at PC 0x4008c22b on core 0


Backtrace: 0x40081c2a:0x3ffbc0c0 0x4008c235:0x3ffbc0e0 0x40094a91:0x3ffbc100 0x4008c22b:0x3ffbc170 0x400d9e0f:0x3ffbc1a0 0x400d961b:0x3ffbc240 0x400d8481:0x3ffbc270 0x401a8d03:0x3ffbc2e0 0x4008cdfd:0x3ffbc310




ELF file SHA256: cdde6198bff4ca02

Rebooting...
[0;32mI (13) boot: ESP-IDF v5.3.2 2nd stage bootloader[0m
[0;32mI (13) boot: compile time Jan 14 2025 11:37:42[0m
[0;32mI (13) boot: Multicore bootloader[0m
[0;32mI (16) boot: chip revision: v3.1[0m
[0;32mI (20) boot.esp32: SPI Speed      : 40MHz[0m
[0;32mI (25) boot.esp32: SPI Mode       : DIO[0m
[0;32mI (29) boot.esp32: SPI Flash Size : 4MB[0m
[0;32mI (34) boot: Enabling RNG early entropy source...[0m
[0;32mI (39) boot: Partition Table:[0m
[0;32mI (43) boot: ## Label            Usage          Type ST Offset   Length[0m
[0;32mI (50) boot:  0 nvs              WiFi data        01 02 00011000 00019000[0m
[0;32mI (57) boot:  1 otadata          OTA data         01 00 0002a000 00002000[0m
[0;32mI (65) boot:  2 phy_init         RF data          01 01 0002c000 00001000[0m
[0;32mI (72) boot:  3 ota_0            OTA app          00 10 00030000 001a9000[0m
[0;32mI (80) boot:  4 ota_1            OTA app          00 11 001e0000 001a9000[0m
[0;32mI (87) boot:  5 ot_storage       Unknown data     01 3a 00389000 00002000[0m
[0;32mI (95) boot: End of partition table[0m
[0;32mI (99) esp_image: segment 0: paddr=00030020 vaddr=3f400020 size=2a948h (174408) map[0m
[0;32mI (167) esp_image: segment 1: paddr=0005a970 vaddr=3ffb0000 size=0434ch ( 17228) load[0m
[0;32mI (174) esp_image: segment 2: paddr=0005ecc4 vaddr=40080000 size=01354h (  4948) load[0m
[0;32mI (176) esp_image: segment 3: paddr=00060020 vaddr=400d0020 size=dc04ch (901196) map[0m
[0;32mI (490) esp_image: segment 4: paddr=0013c074 vaddr=40081354 size=19b78h (105336) load[0m
[0;32mI (545) boot: Loaded app from partition at offset 0x30000[0m
[0;32mI (545) boot: Disabling RNG early entropy source...[0m
[0;32mI (558) cpu_start: Multicore app[0m
[0;32mI (566) cpu_start: Pro cpu start user code[0m
[0;32mI (566) cpu_start: cpu freq: 160000000 Hz[0m
[0;32mI (566) app_init: Application information:[0m
[0;32mI (569) app_init: Project name:     IOT_HOSHIDEN_20250114_113600[0m
[0;32mI (576) app_init: App version:      1.0.2_20250114_113600[0m
[0;32mI (582) app_init: Compile time:     Jan 14 2025 11:36:23[0m
[0;32mI (588) app_init: ELF file SHA256:  cdde6198bff4ca02...[0m
[0;32mI (594) app_init: ESP-IDF:          v5.3.2[0m
[0;32mI (598) efuse_init: Min chip rev:     v0.0[0m
[0;32mI (603) efuse_init: Max chip rev:     v3.99 [0m
[0;32mI (608) efuse_init: Chip rev:         v3.1[0m
[0;32mI (613) heap_init: Initializing. RAM available for dynamic allocation:[0m
[0;32mI (620) heap_init: At 3FFAE6E0 len 00001920 (6 KiB): DRAM[0m
[0;32mI (626) heap_init: At 3FFB9E88 len 00026178 (152 KiB): DRAM[0m
[0;32mI (632) heap_init: At 3FFE0440 len 00003AE0 (14 KiB): D/IRAM[0m
[0;32mI (639) heap_init: At 3FFE4350 len 0001BCB0 (111 KiB): D/IRAM[0m
[0;32mI (645) heap_init: At 4009AECC len 00005134 (20 KiB): IRAM[0m
[0;32mI (653) spi_flash: detected chip: generic[0m
[0;32mI (656) spi_flash: flash io: dio[0m
[0;32mI (662) main_task: Started on CPU0[0m
[0;32mI (672) main_task: Calling app_main()[0m
[0;32mI (672) MAIN: Initialising WiFi Connection...[0m
[0;32mI (712) gpio: GPIO[34]| InputEn: 1| OutputEn: 0| OpenDrain: 0| Pullup: 0| Pulldown: 0| Intr:0 [0m
[0;32mI (712) gpio: GPIO[35]| InputEn: 1| OutputEn: 0| OpenDrain: 0| Pullup: 0| Pulldown: 0| Intr:0 [0m
[0;32mI (722) gpio: GPIO[36]| InputEn: 1| OutputEn: 0| OpenDrain: 0| Pullup: 0| Pulldown: 0| Intr:0 [0m
[0;32mI (732) gpio: GPIO[39]| InputEn: 1| OutputEn: 0| OpenDrain: 0| Pullup: 0| Pulldown: 0| Intr:0 [0m
[0;32mI (742) gpio: GPIO[2]| InputEn: 0| OutputEn: 1| OpenDrain: 0| Pullup: 0| Pulldown: 0| Intr:0 [0m
[0;32mI (752) gpio: GPIO[14]| InputEn: 0| OutputEn: 1| OpenDrain: 0| Pullup: 0| Pulldown: 0| Intr:0 [0m
[0;32mI (752) gpio: GPIO[15]| InputEn: 0| OutputEn: 1| OpenDrain: 0| Pullup: 0| Pulldown: 0| Intr:0 [0m
[0;32mI (762) gpio: GPIO[25]| InputEn: 0| OutputEn: 1| OpenDrain: 0| Pullup: 0| Pulldown: 0| Intr:0 [0m
[0;32mI (772) gpio: GPIO[26]| InputEn: 0| OutputEn: 1| OpenDrain: 0| Pullup: 0| Pulldown: 0| Intr:0 [0m
[0;32mI (782) gpio: GPIO[27]| InputEn: 0| OutputEn: 1| OpenDrain: 0| Pullup: 0| Pulldown: 0| Intr:0 [0m
[0;32mI (792) IO: Starting[0m
[0;32mI (792) NVS: Hoan thanh
[0m
[0;32mI (802) uart: ESP_INTR_FLAG_IRAM fla[0;32mI (832) esp_eth.netif.netif_glue: 0a:d1:f9:3a:77:a8[0m
[0;32mI (832) esp_eth.netif.netif_glue: ethernet attached to netif[0m
[0;32mI (842) ETHERNET-TASK: Ethernet Started[0m
[0;32mI (842) ETHERNET-TASK: Waiting for IP Address Allocation..............[0m
[0;31mE (842) esp_netif_lwip: esp_netif_new_api: Failed to configure netif with config=0x3ffbc160 (config or if_key is NULL or duplicate key)[0m
[0;31mE (852) ETHERNET-TASK: Failed to create netif[0m
ESP_ERROR_CHECK failed: esp_err_t 0xffffffff (ESP_FAIL) at 0x400d9e0f
file: "./main/Ethernet.c" line 237
func: Eth_Start
expression: ETH_W5500_Set_Static_IP(eth_handles[i])

abort() was called at PC 0x4008c22b on core 0


Backtrace: 0x40081c2a:0x3ffbc0c0 0x4008c235:0x3ffbc0e0 0x40094a91:0x3ffbc100 0x4008c22b:0x3ffbc170 0x400d9e0f:0x3ffbc1a0 0x400d961b:0x3ffbc240 0x400d8481:0x3ffbc270 0x401a8d03:0x3ffbc2e0 0x4008cdfd:0x3ffbc310




ELF file SHA256: cdde6198bff4ca02

Rebooting...
[0;32mI (13) boot: ESP-IDF v5.3.2 2nd stage bootloader[0m
[0;32mI (13) boot: compile time Jan 14 2025 11:37:42[0m
[0;32mI (13) boot: Multicore bootloader[0m
[0;32mI (16) boot: chip revision: v3.1[0m
[0;32mI (20) boot.esp32: SPI Speed      : 40MHz[0m
[0;32mI (25) boot.esp32: SPI Mode       : DIO[0m
[0;32mI (29) boot.esp32: SPI Flash Size : 4MB[0m
[0;32mI (34) boot: Enabling RNG early entropy source...[0m
[0;32mI (39) boot: Partition Table:[0m
[0;32mI (43) boot: ## Label            Usage          Type ST Offset   Length[0m
[0;32mI (50) boot:  0 nvs              WiFi data        01 02 00011000 00019000[0m
[0;32mI (57) boot:  1 otadata          OTA data         01 00 0002a000 00002000[0m
[0;32mI (65) boot:  2 phy_init         RF data          01 01 0002c000 00001000[0m
[0;32mI (72) boot:  3 ota_0            OTA app          00 10 00030000 001a9000[0m
[0;32mI (80) boot:  4 ota_1            OTA app          00 11 001e0000 001a9000[0m
[0;32mI (87) boot:  5 ot_storage       Unknown data     01 3a 00389000 00002000[0m
[0;32mI (95) boot: End of partition table[0m
[0;32mI (99) esp_image: segment 0: paddr=00030020 vaddr=3f400020 size=2a948h (174408) map[0m
[0;32mI (167) esp_image: segment 1: paddr=0005a970 vaddr=3ffb0000 size=0434ch ( 17228) load[0m
[0;32mI (174) esp_image: segment 2: paddr=0005ecc4 vaddr=40080000 size=01354h (  4948) load[0m
[0;32mI (176) esp_image: segment 3: paddr=00060020 vaddr=400d0020 size=dc04ch (901196) map[0m
[0;32mI (490) esp_image: segment 4: paddr=0013c074 vaddr=40081354 size=19b78h (105336) load[0m
[0;32mI (545) boot: Loaded app from partition at offset 0x30000[0m
[0;32mI (545) boot: Disabling RNG early entropy source...[0m
[0;32mI (558) cpu_start: Multicore app[0m
[0;32mI (566) cpu_start: Pro cpu start user code[0m
[0;32mI (566) cpu_start: cpu freq: 160000000 Hz[0m
[0;32mI (566) app_init: Application information:[0m
[0;32mI (569) app_init: Project name:     IOT_HOSHIDEN_20250114_113600[0m
[0;32mI (576) app_init: App version:      1.0.2_20250114_113600[0m
[0;32mI (582) app_init: Compile time:     Jan 14 2025 11:36:23[0m
[0;32mI (588) app_init: ELF file SHA256:  cdde6198bff4ca02...[0m
[0;32mI (594) app_init: ESP-IDF:          v5.3.2[0m
[0;32mI (598) efuse_init: Min chip rev:     v0.0[0m
[0;32mI (603) efuse_init: Max chip rev:     v3.99 [0m
[0;32mI (608) efuse_init: Chip rev:         v3.1[0m
[0;32mI (613) heap_init: Initializing. RAM available for dynamic allocation:[0m
[0;32mI (620) heap_init: At 3FFAE6E0 len 00001920 (6 KiB): DRAM[0m
[0;32mI (626) heap_init: At 3FFB9E88 len 00026178 (152 KiB): DRAM[0m
[0;32mI (632) heap_init: At 3FFE0440 len 00003AE0 (14 KiB): D/IRAM[0m
[0;32mI (639) heap_init: At 3FFE4350 len 0001BCB0 (111 KiB): D/IRAM[0m
[0;32mI (645) heap_init: At 4009AECC len 00005134 (20 KiB): IRAM[0m
[0;32mI (653) spi_flash: detected chip: generic[0m
[0;32mI (656) spi_flash: flash io: dio[0m
[0;32mI (662) main_task: Started on CPU0[0m
[0;32mI (672) main_task: Calling app_main()[0m
[0;32mI (672) MAIN: Initialising WiFi Connection...[0m
[0;32mI (712) gpio: GPIO[34]| InputEn: 1| OutputEn: 0| OpenDrain: 0| Pullup: 0| Pulldown: 0| Intr:0 [0m
[0;32mI (712) gpio: GPIO[35]| InputEn: 1| OutputEn: 0| OpenDrain: 0| Pullup: 0| Pulldown: 0| Intr:0 [0m
[0;32mI (722) gpio: GPIO[36]| InputEn: 1| OutputEn: 0| OpenDrain: 0| Pullup: 0| Pulldown: 0| Intr:0 [0m
[0;32mI (732) gpio: GPIO[39]| InputEn: 1| OutputEn: 0| OpenDrain: 0| Pullup: 0| Pulldown: 0| Intr:0 [0m
[0;32mI (742) gpio: GPIO[2]| InputEn: 0| OutputEn: 1| OpenDrain: 0| Pullup: 0| Pulldown: 0| Intr:0 [0m
[0;32mI (752) gpio: GPIO[14]| InputEn: 0| OutputEn: 1| OpenDrain: 0| Pullup: 0| Pulldown: 0| Intr:0 [0m
[0;32mI (752) gpio: GPIO[15]| InputEn: 0| OutputEn: 1| OpenDrain: 0| Pullup: 0| Pulldown: 0| Intr:0 [0m
[0;32mI (762) gpio: GPIO[25]| InputEn: 0| OutputEn: 1| OpenDrain: 0| Pullup: 0| Pulldown: 0| Intr:0 [0m
[0;32mI (772) gpio: GPIO[26]| InputEn: 0| OutputEn: 1| OpenDrain: 0| Pullup: 0| Pulldown: 0| Intr:0 [0m
[0;32mI (782) gpio: GPIO[27]| InputEn: 0| OutputEn: 1| OpenDrain: 0| Pullup: 0| Pulldown: 0| Intr:0 [0m
[0;32mI (792) IO: Starting[0m
[0;32mI (792) NVS: Hoan thanh
[0m
[0;32mI (802) uart: ESP_INTR_FLAG_IRAM fla[0;32mI (832) esp_eth.netif.netif_glue: 0a:d1:f9:3a:77:a8[0m
[0;32mI (832) esp_eth.netif.netif_glue: ethernet attached to netif[0m
[0;32mI (842) ETHERNET-TASK: Ethernet Started[0m
[0;32mI (842) ETHERNET-TASK: Waiting for IP Address Allocation..............[0m
[0;31mE (842) esp_netif_lwip: esp_netif_new_api: Failed to configure netif with config=0x3ffbc160 (config or if_key is NULL or duplicate key)[0m
[0;31mE (852) ETHERNET-TASK: Failed to create netif[0m
ESP_ERROR_CHECK failed: esp_err_t 0xffffffff (ESP_FAIL) at 0x400d9e0f
file: "./main/Ethernet.c" line 237
func: Eth_Start
expression: ETH_W5500_Set_Static_IP(eth_handles[i])

abort() was called at PC 0x4008c22b on core 0


Backtrace: 0x40081c2a:0x3ffbc0c0 0x4008c235:0x3ffbc0e0 0x40094a91:0x3ffbc100 0x4008c22b:0x3ffbc170 0x400d9e0f:0x3ffbc1a0 0x400d961b:0x3ffbc240 0x400d8481:0x3ffbc270 0x401a8d03:0x3ffbc2e0 0x4008cdfd:0x3ffbc310




ELF file SHA256: cdde6198bff4ca02

Rebooting...
[0;32mI (13) boot: ESP-IDF v5.3.2 2nd stage bootloader[0m
[0;32mI (13) boot: compile time Jan 14 2025 11:37:42[0m
[0;32mI (13) boot: Multicore bootloader[0m
[0;32mI (16) boot: chip revision: v3.1[0m
[0;32mI (20) boot.esp32: SPI Speed      : 40MHz[0m
[0;32mI (25) boot.esp32: SPI Mode       : DIO[0m
[0;32mI (29) boot.esp32: SPI Flash Size : 4MB[0m
[0;32mI (34) boot: Enabling RNG early entropy source...[0m
[0;32mI (39) boot: Partition Table:[0m
[0;32mI (43) boot: ## Label            Usage          Type ST Offset   Length[0m
[0;32mI (50) boot:  0 nvs              WiFi data        01 02 00011000 00019000[0m
[0;32mI (57) boot:  1 otadata          OTA data         01 00 0002a000 00002000[0m
[0;32mI (65) boot:  2 phy_init         RF data          01 01 0002c000 00001000[0m
[0;32mI (72) boot:  3 ota_0            OTA app          00 10 00030000 001a9000[0m
[0;32mI (80) boot:  4 ota_1            OTA app          00 11 001e0000 001a9000[0m
[0;32mI (87) boot:  5 ot_storage       Unknown data     01 3a 00389000 00002000[0m
[0;32mI (95) boot: End of partition table[0m
[0;32mI (99) esp_image: segment 0: paddr=00030020 vaddr=3f400020 size=2a948h (174408) map[0m
[0;32mI (167) esp_image: segment 1: paddr=0005a970 vaddr=3ffb0000 size=0434ch ( 17228) load[0m
[0;32mI (174) esp_image: segment 2: paddr=0005ecc4 vaddr=40080000 size=01354h (  4948) load[0m
[0;32mI (176) esp_image: segment 3: paddr=00060020 vaddr=400d0020 size=dc04ch (901196) map[0m
[0;32mI (490) esp_image: segment 4: paddr=0013c074 vaddr=40081354 size=19b78h (105336) load[0m
[0;32mI (545) boot: Loaded app from partition at offset 0x30000[0m
[0;32mI (545) boot: Disabling RNG early entropy source...[0m
[0;32mI (558) cpu_start: Multicore app[0m
[0;32mI (566) cpu_start: Pro cpu start user code[0m
[0;32mI (566) cpu_start: cpu freq: 160000000 Hz[0m
[0;32mI (566) app_init: Application information:[0m
[0;32mI (569) app_init: Project name:     IOT_HOSHIDEN_20250114_113600[0m
[0;32mI (576) app_init: App version:      1.0.2_20250114_113600[0m
[0;32mI (582) app_init: Compile time:     Jan 14 2025 11:36:23[0m
[0;32mI (588) app_init: ELF file SHA256:  cdde6198bff4ca02...[0m
[0;32mI (594) app_init: ESP-IDF:          v5.3.2[0m
[0;32mI (598) efuse_init: Min chip rev:     v0.0[0m
[0;32mI (603) efuse_init: Max chip rev:     v3.99 [0m
[0;32mI (608) efuse_init: Chip rev:         v3.1[0m
[0;32mI (613) heap_init: Initializing. RAM available for dynamic allocation:[0m
[0;32mI (620) heap_init: At 3FFAE6E0 len 00001920 (6 KiB): DRAM[0m
[0;32mI (626) heap_init: At 3FFB9E88 len 00026178 (152 KiB): DRAM[0m
[0;32mI (632) heap_init: At 3FFE0440 len 00003AE0 (14 KiB): D/IRAM[0m
[0;32mI (639) heap_init: At 3FFE4350 len 0001BCB0 (111 KiB): D/IRAM[0m
[0;32mI (645) heap_init: At 4009AECC len 00005134 (20 KiB): IRAM[0m
[0;32mI (653) spi_flash: detected chip: generic[0m
[0;32mI (656) spi_flash: flash io: dio[0m
[0;32mI (662) main_task: Started on CPU0[0m
[0;32mI (672) main_task: Calling app_main()[0m
[0;32mI (672) MAIN: Initialising WiFi Connection...[0m
[0;32mI (712) gpio: GPIO[34]| InputEn: 1| OutputEn: 0| OpenDrain: 0| Pullup: 0| Pulldown: 0| Intr:0 [0m
[0;32mI (712) gpio: GPIO[35]| InputEn: 1| OutputEn: 0| OpenDrain: 0| Pullup: 0| Pulldown: 0| Intr:0 [0m
[0;32mI (722) gpio: GPIO[36]| InputEn: 1| OutputEn: 0| OpenDrain: 0| Pullup: 0| Pulldown: 0| Intr:0 [0m
[0;32mI (732) gpio: GPIO[39]| InputEn: 1| OutputEn: 0| OpenDrain: 0| Pullup: 0| Pulldown: 0| Intr:0 [0m
[0;32mI (742) gpio: GPIO[2]| InputEn: 0| OutputEn: 1| OpenDrain: 0| Pullup: 0| Pulldown: 0| Intr:0 [0m
[0;32mI (752) gpio: GPIO[14]| InputEn: 0| OutputEn: 1| OpenDrain: 0| Pullup: 0| Pulldown: 0| Intr:0 [0m
[0;32mI (752) gpio: GPIO[15]| InputEn: 0| OutputEn: 1| OpenDrain: 0| Pullup: 0| Pulldown: 0| Intr:0 [0m
[0;32mI (762) gpio: GPIO[25]| InputEn: 0| OutputEn: 1| OpenDrain: 0| Pullup: 0| Pulldown: 0| Intr:0 [0m
[0;32mI (772) gpio: GPIO[26]| InputEn: 0| OutputEn: 1| OpenDrain: 0| Pullup: 0| Pulldown: 0| Intr:0 [0m
[0;32mI (782) gpio: GPIO[27]| InputEn: 0| OutputEn: 1| OpenDrain: 0| Pullup: 0| Pulldown: 0| Intr:0 [0m
[0;32mI (792) IO: Starting[0m
[0;32mI (792) NVS: Hoan thanh
[0m
[0;32mI (802) uart: ESP_INTR_FLAG_IRAM fla[0;32mI (832) esp_eth.netif.netif_glue: 0a:d1:f9:3a:77:a8[0m
[0;32mI (832) esp_eth.netif.netif_glue: ethernet attached to netif[0m
[0;32mI (842) ETHERNET-TASK: Ethernet Started[0m
[0;32mI (842) ETHERNET-TASK: Waiting for IP Address Allocation..............[0m
[0;31mE (842) esp_netif_lwip: esp_netif_new_api: Failed to configure netif with config=0x3ffbc160 (config or if_key is NULL or duplicate key)[0m
[0;31mE (852) ETHERNET-TASK: Failed to create netif[0m
ESP_ERROR_CHECK failed: esp_err_t 0xffffffff (ESP_FAIL) at 0x400d9e0f
file: "./main/Ethernet.c" line 237
func: Eth_Start
expression: ETH_W5500_Set_Static_IP(eth_handles[i])

abort() was called at PC 0x4008c22b on core 0


Backtrace: 0x40081c2a:0x3ffbc0c0 0x4008c235:0x3ffbc0e0 0x40094a91:0x3ffbc100 0x4008c22b:0x3ffbc170 0x400d9e0f:0x3ffbc1a0 0x400d961b:0x3ffbc240 0x400d8481:0x3ffbc270 0x401a8d03:0x3ffbc2e0 0x4008cdfd:0x3ffbc310




ELF file SHA256: cdde6198bff4ca02

Rebooting...
[0;32mI (13) boot: ESP-IDF v5.3.2 2nd stage bootloader[0m
[0;32mI (13) boot: compile time Jan 14 2025 11:37:42[0m
[0;32mI (13) boot: Multicore bootloader[0m
[0;32mI (16) boot: chip revision: v3.1[0m
[0;32mI (20) boot.esp32: SPI Speed      : 40MHz[0m
[0;32mI (25) boot.esp32: SPI Mode       : DIO[0m
[0;32mI (29) boot.esp32: SPI Flash Size : 4MB[0m
[0;32mI (34) boot: Enabling RNG early entropy source...[0m
[0;32mI (39) boot: Partition Table:[0m
[0;32mI (43) boot: ## Label            Usage          Type ST Offset   Length[0m
[0;32mI (50) boot:  0 nvs              WiFi data        01 02 00011000 00019000[0m
[0;32mI (57) boot:  1 otadata          OTA data         01 00 0002a000 00002000[0m
[0;32mI (65) boot:  2 phy_init         RF data          01 01 0002c000 00001000[0m
[0;32mI (72) boot:  3 ota_0            OTA app          00 10 00030000 001a9000[0m
[0;32mI (80) boot:  4 ota_1            OTA app          00 11 001e0000 001a9000[0m
[0;32mI (87) boot:  5 ot_storage       Unknown data     01 3a 00389000 00002000[0m
[0;32mI (95) boot: End of partition table[0m
[0;32mI (99) esp_image: segment 0: paddr=00030020 vaddr=3f400020 size=2a948h (174408) map[0m
[0;32mI (167) esp_image: segment 1: paddr=0005a970 vaddr=3ffb0000 size=0434ch ( 17228) load[0m
[0;32mI (174) esp_image: segment 2: paddr=0005ecc4 vaddr=40080000 size=01354h (  4948) load[0m
[0;32mI (176) esp_image: segment 3: paddr=00060020 vaddr=400d0020 size=dc04ch (901196) map[0m
[0;32mI (490) esp_image: segment 4: paddr=0013c074 vaddr=40081354 size=19b78h (105336) load[0m
[0;32mI (545) boot: Loaded app from partition at offset 0x30000[0m
[0;32mI (545) boot: Disabling RNG early entropy source...[0m
[0;32mI (558) cpu_start: Multicore app[0m
[0;32mI (566) cpu_start: Pro cpu start user code[0m
[0;32mI (566) cpu_start: cpu freq: 160000000 Hz[0m
[0;32mI (566) app_init: Application information:[0m
[0;32mI (569) app_init: Project name:     IOT_HOSHIDEN_20250114_113600[0m
[0;32mI (576) app_init: App version:      1.0.2_20250114_113600[0m
[0;32mI (582) app_init: Compile time:     Jan 14 2025 11:36:23[0m
[0;32mI (588) app_init: ELF file SHA256:  cdde6198bff4ca02...[0m
[0;32mI (594) app_init: ESP-IDF:          v5.3.2[0m
[0;32mI (598) efuse_init: Min chip rev:     v0.0[0m
[0;32mI (603) efuse_init: Max chip rev:     v3.99 [0m
[0;32mI (608) efuse_init: Chip rev:         v3.1[0m
[0;32mI (613) heap_init: Initializing. RAM available for dynamic allocation:[0m
[0;32mI (620) heap_init: At 3FFAE6E0 len 00001920 (6 KiB): DRAM[0m
[0;32mI (626) heap_init: At 3FFB9E88 len 00026178 (152 KiB): DRAM[0m
[0;32mI (632) heap_init: At 3FFE0440 len 00003AE0 (14 KiB): D/IRAM[0m
[0;32mI (639) heap_init: At 3FFE4350 len 0001BCB0 (111 KiB): D/IRAM[0m
[0;32mI (645) heap_init: At 4009AECC len 00005134 (20 KiB): IRAM[0m
[0;32mI (653) spi_flash: detected chip: generic[0m
[0;32mI (656) spi_flash: flash io: dio[0m
[0;32mI (662) main_task: Started on CPU0[0m
[0;32mI (672) main_task: Calling app_main()[0m
[0;32mI (672) MAIN: Initialising WiFi Connection...[0m
[0;32mI (712) gpio: GPIO[34]| InputEn: 1| OutputEn: 0| OpenDrain: 0| Pullup: 0| Pulldown: 0| Intr:0 [0m
[0;32mI (712) gpio: GPIO[35]| InputEn: 1| OutputEn: 0| OpenDrain: 0| Pullup: 0| Pulldown: 0| Intr:0 [0m
[0;32mI (722) gpio: GPIO[36]| InputEn: 1| OutputEn: 0| OpenDrain: 0| Pullup: 0| Pulldown: 0| Intr:0 [0m
[0;32mI (732) gpio: GPIO[39]| InputEn: 1| OutputEn: 0| OpenDrain: 0| Pullup: 0| Pulldown: 0| Intr:0 [0m
[0;32mI (742) gpio: GPIO[2]| InputEn: 0| OutputEn: 1| OpenDrain: 0| Pullup: 0| Pulldown: 0| Intr:0 [0m
[0;32mI (752) gpio: GPIO[14]| InputEn: 0| OutputEn: 1| OpenDrain: 0| Pullup: 0| Pulldown: 0| Intr:0 [0m
[0;32mI (752) gpio: GPIO[15]| InputEn: 0| OutputEn: 1| OpenDrain: 0| Pullup: 0| Pulldown: 0| Intr:0 [0m
[0;32mI (762) gpio: GPIO[25]| InputEn: 0| OutputEn: 1| OpenDrain: 0| Pullup: 0| Pulldown: 0| Intr:0 [0m
[0;32mI (772) gpio: GPIO[26]| InputEn: 0| OutputEn: 1| OpenDrain: 0| Pullup: 0| Pulldown: 0| Intr:0 [0m
[0;32mI (782) gpio: GPIO[27]| InputEn: 0| OutputEn: 1| OpenDrain: 0| Pullup: 0| Pulldown: 0| Intr:0 [0m
[0;32mI (792) IO: Starting[0m
[0;32mI (792) NVS: Hoan thanh
[0m
[0;32mI (802) uart: ESP_INTR_FLAG_IRAM fla[0;32mI (832) esp_eth.netif.netif_glue: 0a:d1:f9:3a:77:a8[0m
[0;32mI (832) esp_eth.netif.netif_glue: ethernet attached to netif[0m
[0;32mI (842) ETHERNET-TASK: Ethernet Started[0m
[0;32mI (842) ETHERNET-TASK: Waiting for IP Address Allocation..............[0m
[0;31mE (842) esp_netif_lwip: esp_netif_new_api: Failed to configure netif with config=0x3ffbc160 (config or if_key is NULL or duplicate key)[0m
[0;31mE (852) ETHERNET-TASK: Failed to create netif[0m
ESP_ERROR_CHECK failed: esp_err_t 0xffffffff (ESP_FAIL) at 0x400d9e0f
file: "./main/Ethernet.c" line 237
func: Eth_Start
expression: ETH_W5500_Set_Static_IP(eth_handles[i])

abort() was called at PC 0x4008c22b on core 0


Backtrace: 0x40081c2a:0x3ffbc0c0 0x4008c235:0x3ffbc0e0 0x40094a91:0x3ffbc100 0x4008c22b:0x3ffbc170 0x400d9e0f:0x3ffbc1a0 0x400d961b:0x3ffbc240 0x400d8481:0x3ffbc270 0x401a8d03:0x3ffbc2e0 0x4008cdfd:0x3ffbc310




ELF file SHA256: cdde6198bff4ca02

Rebooting...
[0;32mI (13) boot: ESP-IDF v5.3.2 2nd stage bootloader[0m
[0;32mI (13) boot: compile time Jan 14 2025 11:37:42[0m
[0;32mI (13) boot: Multicore bootloader[0m
[0;32mI (16) boot: chip revision: v3.1[0m
[0;32mI (20) boot.esp32: SPI Speed      : 40MHz[0m
[0;32mI (25) boot.esp32: SPI Mode       : DIO[0m
[0;32mI (29) boot.esp32: SPI Flash Size : 4MB[0m
[0;32mI (34) boot: Enabling RNG early entropy source...[0m
[0;32mI (39) boot: Partition Table:[0m
[0;32mI (43) boot: ## Label            Usage          Type ST Offset   Length[0m
[0;32mI (50) boot:  0 nvs              WiFi data        01 02 00011000 00019000[0m
[0;32mI (57) boot:  1 otadata          OTA data         01 00 0002a000 00002000[0m
[0;32mI (65) boot:  2 phy_init         RF data          01 01 0002c000 00001000[0m
[0;32mI (72) boot:  3 ota_0            OTA app          00 10 00030000 001a9000[0m
[0;32mI (80) boot:  4 ota_1            OTA app          00 11 001e0000 001a9000[0m
[0;32mI (87) boot:  5 ot_storage       Unknown data     01 3a 00389000 00002000[0m
[0;32mI (95) boot: End of partition table[0m
[0;32mI (99) esp_image: segment 0: paddr=00030020 vaddr=3f400020 size=2a948h (174408) map[0m
[0;32mI (167) esp_image: segment 1: paddr=0005a970 vaddr=3ffb0000 size=0434ch ( 17228) load[0m
[0;32mI (174) esp_image: segment 2: paddr=0005ecc4 vaddr=40080000 size=01354h (  4948) load[0m
[0;32mI (176) esp_image: segment 3: paddr=00060020 vaddr=400d0020 size=dc04ch (901196) map[0m
[0;32mI (490) esp_image: segment 4: paddr=0013c074 vaddr=40081354 size=19b78h (105336) load[0m
[0;32mI (545) boot: Loaded app from partition at offset 0x30000[0m
[0;32mI (545) boot: Disabling RNG early entropy source...[0m
[0;32mI (558) cpu_start: Multicore app[0m
[0;32mI (566) cpu_start: Pro cpu start user code[0m
[0;32mI (566) cpu_start: cpu freq: 160000000 Hz[0m
[0;32mI (566) app_init: Application information:[0m
[0;32mI (569) app_init: Project name:     IOT_HOSHIDEN_20250114_113600[0m
[0;32mI (576) app_init: App version:      1.0.2_20250114_113600[0m
[0;32mI (582) app_init: Compile time:     Jan 14 2025 11:36:23[0m
[0;32mI (588) app_init: ELF file SHA256:  cdde6198bff4ca02...[0m
[0;32mI (594) app_init: ESP-IDF:          v5.3.2[0m
[0;32mI (598) efuse_init: Min chip rev:     v0.0[0m
[0;32mI (603) efuse_init: Max chip rev:     v3.99 [0m
[0;32mI (608) efuse_init: Chip rev:         v3.1[0m
[0;32mI (613) heap_init: Initializing. RAM available for dynamic allocation:[0m
[0;32mI (620) heap_init: At 3FFAE6E0 len 00001920 (6 KiB): DRAM[0m
[0;32mI (626) heap_init: At 3FFB9E88 len 00026178 (152 KiB): DRAM[0m
[0;32mI (632) heap_init: At 3FFE0440 len 00003AE0 (14 KiB): D/IRAM[0m
[0;32mI (639) heap_init: At 3FFE4350 len 0001BCB0 (111 KiB): D/IRAM[0m
[0;32mI (645) heap_init: At 4009AECC len 00005134 (20 KiB): IRAM[0m
[0;32mI (653) spi_flash: detected chip: generic[0m
[0;32mI (656) spi_flash: flash io: dio[0m
[0;32mI (662) main_task: Started on CPU0[0m
[0;32mI (672) main_task: Calling app_main()[0m
[0;32mI (672) MAIN: Initialising WiFi Connection...[0m
[0;32mI (712) gpio: GPIO[34]| InputEn: 1| OutputEn: 0| OpenDrain: 0| Pullup: 0| Pulldown: 0| Intr:0 [0m
[0;32mI (712) gpio: GPIO[35]| InputEn: 1| OutputEn: 0| OpenDrain: 0| Pullup: 0| Pulldown: 0| Intr:0 [0m
[0;32mI (722) gpio: GPIO[36]| InputEn: 1| OutputEn: 0| OpenDrain: 0| Pullup: 0| Pulldown: 0| Intr:0 [0m
[0;32mI (732) gpio: GPIO[39]| InputEn: 1| OutputEn: 0| OpenDrain: 0| Pullup: 0| Pulldown: 0| Intr:0 [0m
[0;32mI (742) gpio: GPIO[2]| InputEn: 0| OutputEn: 1| OpenDrain: 0| Pullup: 0| Pulldown: 0| Intr:0 [0m
[0;32mI (752) gpio: GPIO[14]| InputEn: 0| OutputEn: 1| OpenDrain: 0| Pullup: 0| Pulldown: 0| Intr:0 [0m
[0;32mI (752) gpio: GPIO[15]| InputEn: 0| OutputEn: 1| OpenDrain: 0| Pullup: 0| Pulldown: 0| Intr:0 [0m
[0;32mI (762) gpio: GPIO[25]| InputEn: 0| OutputEn: 1| OpenDrain: 0| Pullup: 0| Pulldown: 0| Intr:0 [0m
[0;32mI (772) gpio: GPIO[26]| InputEn: 0| OutputEn: 1| OpenDrain: 0| Pullup: 0| Pulldown: 0| Intr:0 [0m
[0;32mI (782) gpio: GPIO[27]| InputEn: 0| OutputEn: 1| OpenDrain: 0| Pullup: 0| Pulldown: 0| Intr:0 [0m
[0;32mI (792) IO: Starting[0m
[0;32mI (792) NVS: Hoan thanh
[0m
[0;32mI (802) uart: ESP_INTR_FLAG_IRAM fla[0;32mI (832) esp_eth.netif.netif_glue: 0a:d1:f9:3a:77:a8[0m
[0;32mI (832) esp_eth.netif.netif_glue: ethernet attached to netif[0m
[0;32mI (842) ETHERNET-TASK: Ethernet Started[0m
[0;32mI (842) ETHERNET-TASK: Waiting for IP Address Allocation..............[0m
[0;31mE (842) esp_netif_lwip: esp_netif_new_api: Failed to configure netif with config=0x3ffbc160 (config or if_key is NULL or duplicate key)[0m
[0;31mE (852) ETHERNET-TASK: Failed to create netif[0m
ESP_ERROR_CHECK failed: esp_err_t 0xffffffff (ESP_FAIL) at 0x400d9e0f
file: "./main/Ethernet.c" line 237
func: Eth_Start
expression: ETH_W5500_Set_Static_IP(eth_handles[i])

abort() was called at PC 0x4008c22b on core 0


Backtrace: 0x40081c2a:0x3ffbc0c0 0x4008c235:0x3ffbc0e0 0x40094a91:0x3ffbc100 0x4008c22b:0x3ffbc170 0x400d9e0f:0x3ffbc1a0 0x400d961b:0x3ffbc240 0x400d8481:0x3ffbc270 0x401a8d03:0x3ffbc2e0 0x4008cdfd:0x3ffbc310




ELF file SHA256: cdde6198bff4ca02

Rebooting...
[0;32mI (13) boot: ESP-IDF v5.3.2 2nd stage bootloader[0m
[0;32mI (13) boot: compile time Jan 14 2025 11:37:42[0m
[0;32mI (13) boot: Multicore bootloader[0m
[0;32mI (16) boot: chip revision: v3.1[0m
[0;32mI (20) boot.esp32: SPI Speed      : 40MHz[0m
[0;32mI (25) boot.esp32: SPI Mode       : DIO[0m
[0;32mI (29) boot.esp32: SPI Flash Size : 4MB[0m
[0;32mI (34) boot: Enabling RNG early entropy source...[0m
[0;32mI (39) boot: Partition Table:[0m
[0;32mI (43) boot: ## Label            Usage          Type ST Offset   Length[0m
[0;32mI (50) boot:  0 nvs              WiFi data        01 02 00011000 00019000[0m
[0;32mI (57) boot:  1 otadata          OTA data         01 00 0002a000 00002000[0m
[0;32mI (65) boot:  2 phy_init         RF data          01 01 0002c000 00001000[0m
[0;32mI (72) boot:  3 ota_0            OTA app          00 10 00030000 001a9000[0m
[0;32mI (80) boot:  4 ota_1            OTA app          00 11 001e0000 001a9000[0m
[0;32mI (87) boot:  5 ot_storage       Unknown data     01 3a 00389000 00002000[0m
[0;32mI (95) boot: End of partition table[0m
[0;32mI (99) esp_image: segment 0: paddr=00030020 vaddr=3f400020 size=2a948h (174408) map[0m
[0;32mI (167) esp_image: segment 1: paddr=0005a970 vaddr=3ffb0000 size=0434ch ( 17228) load[0m
[0;32mI (174) esp_image: segment 2: paddr=0005ecc4 vaddr=40080000 size=01354h (  4948) load[0m
[0;32mI (176) esp_image: segment 3: paddr=00060020 vaddr=400d0020 size=dc04ch (901196) map[0m
[0;32mI (490) esp_image: segment 4: paddr=0013c074 vaddr=40081354 size=19b78h (105336) load[0m
[0;32mI (545) boot: Loaded app from partition at offset 0x30000[0m
[0;32mI (545) boot: Disabling RNG early entropy source...[0m
[0;32mI (558) cpu_start: Multicore app[0m
[0;32mI (566) cpu_start: Pro cpu start user code[0m
[0;32mI (566) cpu_start: cpu freq: 160000000 Hz[0m
[0;32mI (566) app_init: Application information:[0m
[0;32mI (569) app_init: Project name:     IOT_HOSHIDEN_20250114_113600[0m
[0;32mI (576) app_init: App version:      1.0.2_20250114_113600[0m
[0;32mI (582) app_init: Compile time:     Jan 14 2025 11:36:23[0m
[0;32mI (588) app_init: ELF file SHA256:  cdde6198bff4ca02...[0m
[0;32mI (594) app_init: ESP-IDF:          v5.3.2[0m
[0;32mI (598) efuse_init: Min chip rev:     v0.0[0m
[0;32mI (603) efuse_init: Max chip rev:     v3.99 [0m
[0;32mI (608) efuse_init: Chip rev:         v3.1[0m
[0;32mI (613) heap_init: Initializing. RAM available for dynamic allocation:[0m
[0;32mI (620) heap_init: At 3FFAE6E0 len 00001920 (6 KiB): DRAM[0m
[0;32mI (626) heap_init: At 3FFB9E88 len 00026178 (152 KiB): DRAM[0m
[0;32mI (632) heap_init: At 3FFE0440 len 00003AE0 (14 KiB): D/IRAM[0m
[0;32mI (639) heap_init: At 3FFE4350 len 0001BCB0 (111 KiB): D/IRAM[0m
[0;32mI (645) heap_init: At 4009AECC len 00005134 (20 KiB): IRAM[0m
[0;32mI (653) spi_flash: detected chip: generic[0m
[0;32mI (656) spi_flash: flash io: dio[0m
[0;32mI (662) main_task: Started on CPU0[0m
[0;32mI (672) main_task: Calling app_main()[0m
[0;32mI (672) MAIN: Initialising WiFi Connection...[0m
[0;32mI (712) gpio: GPIO[34]| InputEn: 1| OutputEn: 0| OpenDrain: 0| Pullup: 0| Pulldown: 0| Intr:0 [0m
[0;32mI (712) gpio: GPIO[35]| InputEn: 1| OutputEn: 0| OpenDrain: 0| Pullup: 0| Pulldown: 0| Intr:0 [0m
[0;32mI (722) gpio: GPIO[36]| InputEn: 1| OutputEn: 0| OpenDrain: 0| Pullup: 0| Pulldown: 0| Intr:0 [0m
[0;32mI (732) gpio: GPIO[39]| InputEn: 1| OutputEn: 0| OpenDrain: 0| Pullup: 0| Pulldown: 0| Intr:0 [0m
[0;32mI (742) gpio: GPIO[2]| InputEn: 0| OutputEn: 1| OpenDrain: 0| Pullup: 0| Pulldown: 0| Intr:0 [0m
[0;32mI (752) gpio: GPIO[14]| InputEn: 0| OutputEn: 1| OpenDrain: 0| Pullup: 0| Pulldown: 0| Intr:0 [0m
[0;32mI (752) gpio: GPIO[15]| InputEn: 0| OutputEn: 1| OpenDrain: 0| Pullup: 0| Pulldown: 0| Intr:0 [0m
[0;32mI (762) gpio: GPIO[25]| InputEn: 0| OutputEn: 1| OpenDrain: 0| Pullup: 0| Pulldown: 0| Intr:0 [0m
[0;32mI (772) gpio: GPIO[26]| InputEn: 0| OutputEn: 1| OpenDrain: 0| Pullup: 0| Pulldown: 0| Intr:0 [0m
[0;32mI (782) gpio: GPIO[27]| InputEn: 0| OutputEn: 1| OpenDrain: 0| Pullup: 0| Pulldown: 0| Intr:0 [0m
[0;32mI (792) IO: Starting[0m
[0;32mI (792) NVS: Hoan thanh
[0m
[0;32mI (802) uart: ESP_INTR_FLAG_IRAM fla[0;32mI (832) esp_eth.netif.netif_glue: 0a:d1:f9:3a:77:a8[0m
[0;32mI (832) esp_eth.netif.netif_glue: ethernet attached to netif[0m
[0;32mI (842) ETHERNET-TASK: Ethernet Started[0m
[0;32mI (842) ETHERNET-TASK: Waiting for IP Address Allocation..............[0m
[0;31mE (842) esp_netif_lwip: esp_netif_new_api: Failed to configure netif with config=0x3ffbc160 (config or if_key is NULL or duplicate key)[0m
[0;31mE (852) ETHERNET-TASK: Failed to create netif[0m
ESP_ERROR_CHECK failed: esp_err_t 0xffffffff (ESP_FAIL) at 0x400d9e0f
file: "./main/Ethernet.c" line 237
func: Eth_Start
expression: ETH_W5500_Set_Static_IP(eth_handles[i])

abort() was called at PC 0x4008c22b on core 0


Backtrace: 0x40081c2a:0x3ffbc0c0 0x4008c235:0x3ffbc0e0 0x40094a91:0x3ffbc100 0x4008c22b:0x3ffbc170 0x400d9e0f:0x3ffbc1a0 0x400d961b:0x3ffbc240 0x400d8481:0x3ffbc270 0x401a8d03:0x3ffbc2e0 0x4008cdfd:0x3ffbc310




ELF file SHA256: cdde6198bff4ca02

Rebooting...
[0;32mI (13) boot: ESP-IDF v5.3.2 2nd stage bootloader[0m
[0;32mI (13) boot: compile time Jan 14 2025 11:37:42[0m
[0;32mI (13) boot: Multicore bootloader[0m
[0;32mI (16) boot: chip revision: v3.1[0m
[0;32mI (20) boot.esp32: SPI Speed      : 40MHz[0m
[0;32mI (25) boot.esp32: SPI Mode       : DIO[0m
[0;32mI (29) boot.esp32: SPI Flash Size : 4MB[0m
[0;32mI (34) boot: Enabling RNG early entropy source...[0m
[0;32mI (39) boot: Partition Table:[0m
[0;32mI (43) boot: ## Label            Usage          Type ST Offset   Length[0m
[0;32mI (50) boot:  0 nvs              WiFi data        01 02 00011000 00019000[0m
[0;32mI (57) boot:  1 otadata          OTA data         01 00 0002a000 00002000[0m
[0;32mI (65) boot:  2 phy_init         RF data          01 01 0002c000 00001000[0m
[0;32mI (72) boot:  3 ota_0            OTA app          00 10 00030000 001a9000[0m
[0;32mI (80) boot:  4 ota_1            OTA app          00 11 001e0000 001a9000[0m
[0;32mI (87) boot:  5 ot_storage       Unknown data     01 3a 00389000 00002000[0m
[0;32mI (95) boot: End of partition table[0m
[0;32mI (99) esp_image: segment 0: paddr=00030020 vaddr=3f400020 size=2a948h (174408) map[0m
[0;32mI (167) esp_image: segment 1: paddr=0005a970 vaddr=3ffb0000 size=0434ch ( 17228) load[0m
[0;32mI (174) esp_image: segment 2: paddr=0005ecc4 vaddr=40080000 size=01354h (  4948) load[0m
[0;32mI (176) esp_image: segment 3: paddr=00060020 vaddr=400d0020 size=dc04ch (901196) map[0m
[0;32mI (490) esp_image: segment 4: paddr=0013c074 vaddr=40081354 size=19b78h (105336) load[0m
[0;32mI (545) boot: Loaded app from partition at offset 0x30000[0m
[0;32mI (545) boot: Disabling RNG early entropy source...[0m
[0;32mI (558) cpu_start: Multicore app[0m
[0;32mI (566) cpu_start: Pro cpu start user code[0m
[0;32mI (566) cpu_start: cpu freq: 160000000 Hz[0m
[0;32mI (566) app_init: Application information:[0m
[0;32mI (569) app_init: Project name:     IOT_HOSHIDEN_20250114_113600[0m
[0;32mI (576) app_init: App version:      1.0.2_20250114_113600[0m
[0;32mI (582) app_init: Compile time:     Jan 14 2025 11:36:23[0m
[0;32mI (588) app_init: ELF file SHA256:  cdde6198bff4ca02...[0m
[0;32mI (594) app_init: ESP-IDF:          v5.3.2[0m
[0;32mI (598) efuse_init: Min chip rev:     v0.0[0m
[0;32mI (603) efuse_init: Max chip rev:     v3.99 [0m
[0;32mI (608) efuse_init: Chip rev:         v3.1[0m
[0;32mI (613) heap_init: Initializing. RAM available for dynamic allocation:[0m
[0;32mI (620) heap_init: At 3FFAE6E0 len 00001920 (6 KiB): DRAM[0m
[0;32mI (626) heap_init: At 3FFB9E88 len 00026178 (152 KiB): DRAM[0m
[0;32mI (632) heap_init: At 3FFE0440 len 00003AE0 (14 KiB): D/IRAM[0m
[0;32mI (639) heap_init: At 3FFE4350 len 0001BCB0 (111 KiB): D/IRAM[0m
[0;32mI (645) heap_init: At 4009AECC len 00005134 (20 KiB): IRAM[0m
[0;32mI (653) spi_flash: detected chip: generic[0m
[0;32mI (656) spi_flash: flash io: dio[0m
[0;32mI (662) main_task: Started on CPU0[0m
[0;32mI (672) main_task: Calling app_main()[0m
[0;32mI (672) MAIN: Initialising WiFi Connection...[0m
[0;32mI (712) gpio: GPIO[34]| InputEn: 1| OutputEn: 0| OpenDrain: 0| Pullup: 0| Pulldown: 0| Intr:0 [0m
[0;32mI (712) gpio: GPIO[35]| InputEn: 1| OutputEn: 0| OpenDrain: 0| Pullup: 0| Pulldown: 0| Intr:0 [0m
[0;32mI (722) gpio: GPIO[36]| InputEn: 1| OutputEn: 0| OpenDrain: 0| Pullup: 0| Pulldown: 0| Intr:0 [0m
[0;32mI (732) gpio: GPIO[39]| InputEn: 1| OutputEn: 0| OpenDrain: 0| Pullup: 0| Pulldown: 0| Intr:0 [0m
[0;32mI (742) gpio: GPIO[2]| InputEn: 0| OutputEn: 1| OpenDrain: 0| Pullup: 0| Pulldown: 0| Intr:0 [0m
[0;32mI (752) gpio: GPIO[14]| InputEn: 0| OutputEn: 1| OpenDrain: 0| Pullup: 0| Pulldown: 0| Intr:0 [0m
[0;32mI (752) gpio: GPIO[15]| InputEn: 0| OutputEn: 1| OpenDrain: 0| Pullup: 0| Pulldown: 0| Intr:0 [0m
[0;32mI (762) gpio: GPIO[25]| InputEn: 0| OutputEn: 1| OpenDrain: 0| Pullup: 0| Pulldown: 0| Intr:0 [0m
[0;32mI (772) gpio: GPIO[26]| InputEn: 0| OutputEn: 1| OpenDrain: 0| Pullup: 0| Pulldown: 0| Intr:0 [0m
[0;32mI (782) gpio: GPIO[27]| InputEn: 0| OutputEn: 1| OpenDrain: 0| Pullup: 0| Pulldown: 0| Intr:0 [0m
[0;32mI (792) IO: Starting[0m
[0;32mI (792) NVS: Hoan thanh
[0m
[0;32mI (802) uart: ESP_INTR_FLAG_IRAM fla[0;32mI (832) esp_eth.netif.netif_glue: 0a:d1:f9:3a:77:a8[0m
[0;32mI (832) esp_eth.netif.netif_glue: ethernet attached to netif[0m
[0;32mI (842) ETHERNET-TASK: Ethernet Started[0m
[0;32mI (842) ETHERNET-TASK: Waiting for IP Address Allocation..............[0m
[0;31mE (842) esp_netif_lwip: esp_netif_new_api: Failed to configure netif with config=0x3ffbc160 (config or if_key is NULL or duplicate key)[0m
[0;31mE (852) ETHERNET-TASK: Failed to create netif[0m
ESP_ERROR_CHECK failed: esp_err_t 0xffffffff (ESP_FAIL) at 0x400d9e0f
file: "./main/Ethernet.c" line 237
func: Eth_Start
expression: ETH_W5500_Set_Static_IP(eth_handles[i])

abort() was called at PC 0x4008c22b on core 0


Backtrace: 0x40081c2a:0x3ffbc0c0 0x4008c235:0x3ffbc0e0 0x40094a91:0x3ffbc100 0x4008c22b:0x3ffbc170 0x400d9e0f:0x3ffbc1a0 0x400d961b:0x3ffbc240 0x400d8481:0x3ffbc270 0x401a8d03:0x3ffbc2e0 0x4008cdfd:0x3ffbc310




ELF file SHA256: cdde6198bff4ca02

Rebooting...
[0;32mI (13) boot: ESP-IDF v5.3.2 2nd stage bootloader[0m
[0;32mI (13) boot: compile time Jan 14 2025 11:37:42[0m
[0;32mI (13) boot: Multicore bootloader[0m
[0;32mI (16) boot: chip revision: v3.1[0m
[0;32mI (20) boot.esp32: SPI Speed      : 40MHz[0m
[0;32mI (25) boot.esp32: SPI Mode       : DIO[0m
[0;32mI (29) boot.esp32: SPI Flash Size : 4MB[0m
[0;32mI (34) boot: Enabling RNG early entropy source...[0m
[0;32mI (39) boot: Partition Table:[0m
[0;32mI (43) boot: ## Label            Usage          Type ST Offset   Length[0m
[0;32mI (50) boot:  0 nvs              WiFi data        01 02 00011000 00019000[0m
[0;32mI (57) boot:  1 otadata          OTA data         01 00 0002a000 00002000[0m
[0;32mI (65) boot:  2 phy_init         RF data          01 01 0002c000 00001000[0m
[0;32mI (72) boot:  3 ota_0            OTA app          00 10 00030000 001a9000[0m
[0;32mI (80) boot:  4 ota_1            OTA app          00 11 001e0000 001a9000[0m
[0;32mI (87) boot:  5 ot_storage       Unknown data     01 3a 00389000 00002000[0m
[0;32mI (95) boot: End of partition table[0m
[0;32mI (99) esp_image: segment 0: paddr=00030020 vaddr=3f400020 size=2a948h (174408) map[0m
[0;32mI (167) esp_image: segment 1: paddr=0005a970 vaddr=3ffb0000 size=0434ch ( 17228) load[0m
[0;32mI (174) esp_image: segment 2: paddr=0005ecc4 vaddr=40080000 size=01354h (  4948) load[0m
[0;32mI (176) esp_image: segment 3: paddr=00060020 vaddr=400d0020 size=dc04ch (901196) map[0m
[0;32mI (490) esp_image: segment 4: paddr=0013c074 vaddr=40081354 size=19b78h (105336) load[0m
[0;32mI (545) boot: Loaded app from partition at offset 0x30000[0m
[0;32mI (545) boot: Disabling RNG early entropy source...[0m
[0;32mI (558) cpu_start: Multicore app[0m
[0;32mI (566) cpu_start: Pro cpu start user code[0m
[0;32mI (566) cpu_start: cpu freq: 160000000 Hz[0m
[0;32mI (566) app_init: Application information:[0m
[0;32mI (569) app_init: Project name:     IOT_HOSHIDEN_20250114_113600[0m
[0;32mI (576) app_init: App version:      1.0.2_20250114_113600[0m
[0;32mI (582) app_init: Compile time:     Jan 14 2025 11:36:23[0m
[0;32mI (588) app_init: ELF file SHA256:  cdde6198bff4ca02...[0m
[0;32mI (594) app_init: ESP-IDF:          v5.3.2[0m
[0;32mI (598) efuse_init: Min chip rev:     v0.0[0m
[0;32mI (603) efuse_init: Max chip rev:     v3.99 [0m
[0;32mI (608) efuse_init: Chip rev:         v3.1[0m
[0;32mI (613) heap_init: Initializing. RAM available for dynamic allocation:[0m
[0;32mI (620) heap_init: At 3FFAE6E0 len 00001920 (6 KiB): DRAM[0m
[0;32mI (626) heap_init: At 3FFB9E88 len 00026178 (152 KiB): DRAM[0m
[0;32mI (632) heap_init: At 3FFE0440 len 00003AE0 (14 KiB): D/IRAM[0m
[0;32mI (639) heap_init: At 3FFE4350 len 0001BCB0 (111 KiB): D/IRAM[0m
[0;32mI (645) heap_init: At 4009AECC len 00005134 (20 KiB): IRAM[0m
[0;32mI (653) spi_flash: detected chip: generic[0m
[0;32mI (656) spi_flash: flash io: dio[0m
[0;32mI (662) main_task: Started on CPU0[0m
[0;32mI (672) main_task: Calling app_main()[0m
[0;32mI (672) MAIN: Initialising WiFi Connection...[0m
[0;32mI (712) gpio: GPIO[34]| InputEn: 1| OutputEn: 0| OpenDrain: 0| Pullup: 0| Pulldown: 0| Intr:0 [0m
[0;32mI (712) gpio: GPIO[35]| InputEn: 1| OutputEn: 0| OpenDrain: 0| Pullup: 0| Pulldown: 0| Intr:0 [0m
[0;32mI (722) gpio: GPIO[36]| InputEn: 1| OutputEn: 0| OpenDrain: 0| Pullup: 0| Pulldown: 0| Intr:0 [0m
[0;32mI (732) gpio: GPIO[39]| InputEn: 1| OutputEn: 0| OpenDrain: 0| Pullup: 0| Pulldown: 0| Intr:0 [0m
[0;32mI (742) gpio: GPIO[2]| InputEn: 0| OutputEn: 1| OpenDrain: 0| Pullup: 0| Pulldown: 0| Intr:0 [0m
[0;32mI (752) gpio: GPIO[14]| InputEn: 0| OutputEn: 1| OpenDrain: 0| Pullup: 0| Pulldown: 0| Intr:0 [0m
[0;32mI (752) gpio: GPIO[15]| InputEn: 0| OutputEn: 1| OpenDrain: 0| Pullup: 0| Pulldown: 0| Intr:0 [0m
[0;32mI (762) gpio: GPIO[25]| InputEn: 0| OutputEn: 1| OpenDrain: 0| Pullup: 0| Pulldown: 0| Intr:0 [0m
[0;32mI (772) gpio: GPIO[26]| InputEn: 0| OutputEn: 1| OpenDrain: 0| Pullup: 0| Pulldown: 0| Intr:0 [0m
[0;32mI (782) gpio: GPIO[27]| InputEn: 0| OutputEn: 1| OpenDrain: 0| Pullup: 0| Pulldown: 0| Intr:0 [0m
[0;32mI (792) IO: Starting[0m
[0;32mI (792) NVS: Hoan thanh
[0m
[0;32mI (802) uart: ESP_INTR_FLAG_IRAM fla[0;32mI (832) esp_eth.netif.netif_glue: 0a:d1:f9:3a:77:a8[0m
[0;32mI (832) esp_eth.netif.netif_glue: ethernet attached to netif[0m
[0;32mI (842) ETHERNET-TASK: Ethernet Started[0m
[0;32mI (842) ETHERNET-TASK: Waiting for IP Address Allocation..............[0m
[0;31mE (842) esp_netif_lwip: esp_netif_new_api: Failed to configure netif with config=0x3ffbc160 (config or if_key is NULL or duplicate key)[0m
[0;31mE (852) ETHERNET-TASK: Failed to create netif[0m
ESP_ERROR_CHECK failed: esp_err_t 0xffffffff (ESP_FAIL) at 0x400d9e0f
file: "./main/Ethernet.c" line 237
func: Eth_Start
expression: ETH_W5500_Set_Static_IP(eth_handles[i])

abort() was called at PC 0x4008c22b on core 0


Backtrace: 0x40081c2a:0x3ffbc0c0 0x4008c235:0x3ffbc0e0 0x40094a91:0x3ffbc100 0x4008c22b:0x3ffbc170 0x400d9e0f:0x3ffbc1a0 0x400d961b:0x3ffbc240 0x400d8481:0x3ffbc270 0x401a8d03:0x3ffbc2e0 0x4008cdfd:0x3ffbc310




ELF file SHA256: cdde6198bff4ca02

Rebooting...
[0;32mI (13) boot: ESP-IDF v5.3.2 2nd stage bootloader[0m
[0;32mI (13) boot: compile time Jan 14 2025 11:37:42[0m
[0;32mI (13) boot: Multicore bootloader[0m
[0;32mI (16) boot: chip revision: v3.1[0m
[0;32mI (20) boot.esp32: SPI Speed      : 40MHz[0m
[0;32mI (25) boot.esp32: SPI Mode       : DIO[0m
[0;32mI (29) boot.esp32: SPI Flash Size : 4MB[0m
[0;32mI (34) boot: Enabling RNG early entropy source...[0m
[0;32mI (39) boot: Partition Table:[0m
[0;32mI (43) boot: ## Label            Usage          Type ST Offset   Length[0m
[0;32mI (50) boot:  0 nvs              WiFi data        01 02 00011000 00019000[0m
[0;32mI (57) boot:  1 otadata          OTA data         01 00 0002a000 00002000[0m
[0;32mI (65) boot:  2 phy_init         RF data          01 01 0002c000 00001000[0m
[0;32mI (72) boot:  3 ota_0            OTA app          00 10 00030000 001a9000[0m
[0;32mI (80) boot:  4 ota_1            OTA app          00 11 001e0000 001a9000[0m
[0;32mI (87) boot:  5 ot_storage       Unknown data     01 3a 00389000 00002000[0m
[0;32mI (95) boot: End of partition table[0m
[0;32mI (99) esp_image: segment 0: paddr=00030020 vaddr=3f400020 size=2a948h (174408) map[0m
[0;32mI (167) esp_image: segment 1: paddr=0005a970 vaddr=3ffb0000 size=0434ch ( 17228) load[0m
[0;32mI (174) esp_image: segment 2: paddr=0005ecc4 vaddr=40080000 size=01354h (  4948) load[0m
[0;32mI (176) esp_image: segment 3: paddr=00060020 vaddr=400d0020 size=dc04ch (901196) map[0m
[0;32mI (490) esp_image: segment 4: paddr=0013c074 vaddr=40081354 size=19b78h (105336) load[0m
[0;32mI (545) boot: Loaded app from partition at offset 0x30000[0m
[0;32mI (545) boot: Disabling RNG early entropy source...[0m
[0;32mI (558) cpu_start: Multicore app[0m
[0;32mI (566) cpu_start: Pro cpu start user code[0m
[0;32mI (566) cpu_start: cpu freq: 160000000 Hz[0m
[0;32mI (566) app_init: Application information:[0m
[0;32mI (569) app_init: Project name:     IOT_HOSHIDEN_20250114_113600[0m
[0;32mI (576) app_init: App version:      1.0.2_20250114_113600[0m
[0;32mI (582) app_init: Compile time:     Jan 14 2025 11:36:23[0m
[0;32mI (588) app_init: ELF file SHA256:  cdde6198bff4ca02...[0m
[0;32mI (594) app_init: ESP-IDF:          v5.3.2[0m
[0;32mI (598) efuse_init: Min chip rev:     v0.0[0m
[0;32mI (603) efuse_init: Max chip rev:     v3.99 [0m
[0;32mI (608) efuse_init: Chip rev:         v3.1[0m
[0;32mI (613) heap_init: Initializing. RAM available for dynamic allocation:[0m
[0;32mI (620) heap_init: At 3FFAE6E0 len 00001920 (6 KiB): DRAM[0m
[0;32mI (626) heap_init: At 3FFB9E88 len 00026178 (152 KiB): DRAM[0m
[0;32mI (632) heap_init: At 3FFE0440 len 00003AE0 (14 KiB): D/IRAM[0m
[0;32mI (639) heap_init: At 3FFE4350 len 0001BCB0 (111 KiB): D/IRAM[0m
[0;32mI (645) heap_init: At 4009AECC len 00005134 (20 KiB): IRAM[0m
[0;32mI (653) spi_flash: detected chip: generic[0m
[0;32mI (656) spi_flash: flash io: dio[0m
[0;32mI (662) main_task: Started on CPU0[0m
[0;32mI (672) main_task: Calling app_main()[0m
[0;32mI (672) MAIN: Initialising WiFi Connection...[0m
[0;32mI (712) gpio: GPIO[34]| InputEn: 1| OutputEn: 0| OpenDrain: 0| Pullup: 0| Pulldown: 0| Intr:0 [0m
[0;32mI (712) gpio: GPIO[35]| InputEn: 1| OutputEn: 0| OpenDrain: 0| Pullup: 0| Pulldown: 0| Intr:0 [0m
[0;32mI (722) gpio: GPIO[36]| InputEn: 1| OutputEn: 0| OpenDrain: 0| Pullup: 0| Pulldown: 0| Intr:0 [0m
[0;32mI (732) gpio: GPIO[39]| InputEn: 1| OutputEn: 0| OpenDrain: 0| Pullup: 0| Pulldown: 0| Intr:0 [0m
[0;32mI (742) gpio: GPIO[2]| InputEn: 0| OutputEn: 1| OpenDrain: 0| Pullup: 0| Pulldown: 0| Intr:0 [0m
[0;32mI (752) gpio: GPIO[14]| InputEn: 0| OutputEn: 1| OpenDrain: 0| Pullup: 0| Pulldown: 0| Intr:0 [0m
[0;32mI (752) gpio: GPIO[15]| InputEn: 0| OutputEn: 1| OpenDrain: 0| Pullup: 0| Pulldown: 0| Intr:0 [0m
[0;32mI (762) gpio: GPIO[25]| InputEn: 0| OutputEn: 1| OpenDrain: 0| Pullup: 0| Pulldown: 0| Intr:0 [0m
[0;32mI (772) gpio: GPIO[26]| InputEn: 0| OutputEn: 1| OpenDrain: 0| Pullup: 0| Pulldown: 0| Intr:0 [0m
[0;32mI (782) gpio: GPIO[27]| InputEn: 0| OutputEn: 1| OpenDrain: 0| Pullup: 0| Pulldown: 0| Intr:0 [0m
[0;32mI (792) IO: Starting[0m
[0;32mI (792) NVS: Hoan thanh
[0m
[0;32mI (802) uart: ESP_INTR_FLAG_IRAM fla[0;32mI (832) esp_eth.netif.netif_glue: 0a:d1:f9:3a:77:a8[0m
[0;32mI (832) esp_eth.netif.netif_glue: ethernet attached to netif[0m
[0;32mI (842) ETHERNET-TASK: Ethernet Started[0m
[0;32mI (842) ETHERNET-TASK: Waiting for IP Address Allocation..............[0m
[0;31mE (842) esp_netif_lwip: esp_netif_new_api: Failed to configure netif with config=0x3ffbc160 (config or if_key is NULL or duplicate key)[0m
[0;31mE (852) ETHERNET-TASK: Failed to create netif[0m
ESP_ERROR_CHECK failed: esp_err_t 0xffffffff (ESP_FAIL) at 0x400d9e0f
file: "./main/Ethernet.c" line 237
func: Eth_Start
expression: ETH_W5500_Set_Static_IP(eth_handles[i])

abort() was called at PC 0x4008c22b on core 0


Backtrace: 0x40081c2a:0x3ffbc0c0 0x4008c235:0x3ffbc0e0 0x40094a91:0x3ffbc100 0x4008c22b:0x3ffbc170 0x400d9e0f:0x3ffbc1a0 0x400d961b:0x3ffbc240 0x400d8481:0x3ffbc270 0x401a8d03:0x3ffbc2e0 0x4008cdfd:0x3ffbc310




ELF file SHA256: cdde6198bff4ca02

Rebooting...
[0;32mI (13) boot: ESP-IDF v5.3.2 2nd stage bootloader[0m
[0;32mI (13) boot: compile time Jan 14 2025 11:37:42[0m
[0;32mI (13) boot: Multicore bootloader[0m
[0;32mI (16) boot: chip revision: v3.1[0m
[0;32mI (20) boot.esp32: SPI Speed      : 40MHz[0m
[0;32mI (25) boot.esp32: SPI Mode       : DIO[0m
[0;32mI (29) boot.esp32: SPI Flash Size : 4MB[0m
[0;32mI (34) boot: Enabling RNG early entropy source...[0m
[0;32mI (39) boot: Partition Table:[0m
[0;32mI (43) boot: ## Label            Usage          Type ST Offset   Length[0m
[0;32mI (50) boot:  0 nvs              WiFi data        01 02 00011000 00019000[0m
[0;32mI (57) boot:  1 otadata          OTA data         01 00 0002a000 00002000[0m
[0;32mI (65) boot:  2 phy_init         RF data          01 01 0002c000 00001000[0m
[0;32mI (72) boot:  3 ota_0            OTA app          00 10 00030000 001a9000[0m
[0;32mI (80) boot:  4 ota_1            OTA app          00 11 001e0000 001a9000[0m
[0;32mI (87) boot:  5 ot_storage       Unknown data     01 3a 00389000 00002000[0m
[0;32mI (95) boot: End of partition table[0m
[0;32mI (99) esp_image: segment 0: paddr=00030020 vaddr=3f400020 size=2a948h (174408) map[0m
[0;32mI (167) esp_image: segment 1: paddr=0005a970 vaddr=3ffb0000 size=0434ch ( 17228) load[0m
[0;32mI (174) esp_image: segment 2: paddr=0005ecc4 vaddr=40080000 size=01354h (  4948) load[0m
[0;32mI (176) esp_image: segment 3: paddr=00060020 vaddr=400d0020 size=dc04ch (901196) map[0m
[0;32mI (490) esp_image: segment 4: paddr=0013c074 vaddr=40081354 size=19b78h (105336) load[0m
[0;32mI (545) boot: Loaded app from partition at offset 0x30000[0m
[0;32mI (545) boot: Disabling RNG early entropy source...[0m
[0;32mI (558) cpu_start: Multicore app[0m
[0;32mI (566) cpu_start: Pro cpu start user code[0m
[0;32mI (566) cpu_start: cpu freq: 160000000 Hz[0m
[0;32mI (566) app_init: Application information:[0m
[0;32mI (569) app_init: Project name:     IOT_HOSHIDEN_20250114_113600[0m
[0;32mI (576) app_init: App version:      1.0.2_20250114_113600[0m
[0;32mI (582) app_init: Compile time:     Jan 14 2025 11:36:23[0m
[0;32mI (588) app_init: ELF file SHA256:  cdde6198bff4ca02...[0m
[0;32mI (594) app_init: ESP-IDF:          v5.3.2[0m
[0;32mI (598) efuse_init: Min chip rev:     v0.0[0m
[0;32mI (603) efuse_init: Max chip rev:     v3.99 [0m
[0;32mI (608) efuse_init: Chip rev:         v3.1[0m
[0;32mI (613) heap_init: Initializing. RAM available for dynamic allocation:[0m
[0;32mI (620) heap_init: At 3FFAE6E0 len 00001920 (6 KiB): DRAM[0m
[0;32mI (626) heap_init: At 3FFB9E88 len 00026178 (152 KiB): DRAM[0m
[0;32mI (632) heap_init: At 3FFE0440 len 00003AE0 (14 KiB): D/IRAM[0m
[0;32mI (639) heap_init: At 3FFE4350 len 0001BCB0 (111 KiB): D/IRAM[0m
[0;32mI (645) heap_init: At 4009AECC len 00005134 (20 KiB): IRAM[0m
[0;32mI (653) spi_flash: detected chip: generic[0m
[0;32mI (656) spi_flash: flash io: dio[0m
[0;32mI (662) main_task: Started on CPU0[0m
[0;32mI (672) main_task: Calling app_main()[0m
[0;32mI (672) MAIN: Initialising WiFi Connection...[0m
[0;32mI (712) gpio: GPIO[34]| InputEn: 1| OutputEn: 0| OpenDrain: 0| Pullup: 0| Pulldown: 0| Intr:0 [0m
[0;32mI (712) gpio: GPIO[35]| InputEn: 1| OutputEn: 0| OpenDrain: 0| Pullup: 0| Pulldown: 0| Intr:0 [0m
[0;32mI (722) gpio: GPIO[36]| InputEn: 1| OutputEn: 0| OpenDrain: 0| Pullup: 0| Pulldown: 0| Intr:0 [0m
[0;32mI (732) gpio: GPIO[39]| InputEn: 1| OutputEn: 0| OpenDrain: 0| Pullup: 0| Pulldown: 0| Intr:0 [0m
[0;32mI (742) gpio: GPIO[2]| InputEn: 0| OutputEn: 1| OpenDrain: 0| Pullup: 0| Pulldown: 0| Intr:0 [0m
[0;32mI (752) gpio: GPIO[14]| InputEn: 0| OutputEn: 1| OpenDrain: 0| Pullup: 0| Pulldown: 0| Intr:0 [0m
[0;32mI (752) gpio: GPIO[15]| InputEn: 0| OutputEn: 1| OpenDrain: 0| Pullup: 0| Pulldown: 0| Intr:0 [0m
[0;32mI (762) gpio: GPIO[25]| InputEn: 0| OutputEn: 1| OpenDrain: 0| Pullup: 0| Pulldown: 0| Intr:0 [0m
[0;32mI (772) gpio: GPIO[26]| InputEn: 0| OutputEn: 1| OpenDrain: 0| Pullup: 0| Pulldown: 0| Intr:0 [0m
[0;32mI (782) gpio: GPIO[27]| InputEn: 0| OutputEn: 1| OpenDrain: 0| Pullup: 0| Pulldown: 0| Intr:0 [0m
[0;32mI (792) IO: Starting[0m
[0;32mI (792) NVS: Hoan thanh
[0m
[0;32mI (802) uart: ESP_INTR_FLAG_IRAM fla[0;32mI (832) esp_eth.netif.netif_glue: 0a:d1:f9:3a:77:a8[0m
[0;32mI (832) esp_eth.netif.netif_glue: ethernet attached to netif[0m
[0;32mI (842) ETHERNET-TASK: Ethernet Started[0m
[0;32mI (842) ETHERNET-TASK: Waiting for IP Address Allocation..............[0m
[0;31mE (842) esp_netif_lwip: esp_netif_new_api: Failed to configure netif with config=0x3ffbc160 (config or if_key is NULL or duplicate key)[0m
[0;31mE (852) ETHERNET-TASK: Failed to create netif[0m
ESP_ERROR_CHECK failed: esp_err_t 0xffffffff (ESP_FAIL) at 0x400d9e0f
file: "./main/Ethernet.c" line 237
func: Eth_Start
expression: ETH_W5500_Set_Static_IP(eth_handles[i])

abort() was called at PC 0x4008c22b on core 0


Backtrace: 0x40081c2a:0x3ffbc0c0 0x4008c235:0x3ffbc0e0 0x40094a91:0x3ffbc100 0x4008c22b:0x3ffbc170 0x400d9e0f:0x3ffbc1a0 0x400d961b:0x3ffbc240 0x400d8481:0x3ffbc270 0x401a8d03:0x3ffbc2e0 0x4008cdfd:0x3ffbc310




ELF file SHA256: cdde6198bff4ca02

Rebooting...
[0;32mI (13) boot: ESP-IDF v5.3.2 2nd stage bootloader[0m
[0;32mI (13) boot: compile time Jan 14 2025 11:37:42[0m
[0;32mI (13) boot: Multicore bootloader[0m
[0;32mI (16) boot: chip revision: v3.1[0m
[0;32mI (20) boot.esp32: SPI Speed      : 40MHz[0m
[0;32mI (25) boot.esp32: SPI Mode       : DIO[0m
[0;32mI (29) boot.esp32: SPI Flash Size : 4MB[0m
[0;32mI (34) boot: Enabling RNG early entropy source...[0m
[0;32mI (39) boot: Partition Table:[0m
[0;32mI (43) boot: ## Label            Usage          Type ST Offset   Length[0m
[0;32mI (50) boot:  0 nvs              WiFi data        01 02 00011000 00019000[0m
[0;32mI (57) boot:  1 otadata          OTA data         01 00 0002a000 00002000[0m
[0;32mI (65) boot:  2 phy_init         RF data          01 01 0002c000 00001000[0m
[0;32mI (72) boot:  3 ota_0            OTA app          00 10 00030000 001a9000[0m
[0;32mI (80) boot:  4 ota_1            OTA app          00 11 001e0000 001a9000[0m
[0;32mI (87) boot:  5 ot_storage       Unknown data     01 3a 00389000 00002000[0m
[0;32mI (95) boot: End of partition table[0m
[0;32mI (99) esp_image: segment 0: paddr=00030020 vaddr=3f400020 size=2a948h (174408) map[0m
[0;32mI (167) esp_image: segment 1: paddr=0005a970 vaddr=3ffb0000 size=0434ch ( 17228) load[0m
[0;32mI (174) esp_image: segment 2: paddr=0005ecc4 vaddr=40080000 size=01354h (  4948) load[0m
[0;32mI (176) esp_image: segment 3: paddr=00060020 vaddr=400d0020 size=dc04ch (901196) map[0m
[0;32mI (490) esp_image: segment 4: paddr=0013c074 vaddr=40081354 size=19b78h (105336) load[0m
[0;32mI (545) boot: Loaded app from partition at offset 0x30000[0m
[0;32mI (545) boot: Disabling RNG early entropy source...[0m
[0;32mI (558) cpu_start: Multicore app[0m
[0;32mI (566) cpu_start: Pro cpu start user code[0m
[0;32mI (566) cpu_start: cpu freq: 160000000 Hz[0m
[0;32mI (566) app_init: Application information:[0m
[0;32mI (569) app_init: Project name:     IOT_HOSHIDEN_20250114_113600[0m
[0;32mI (576) app_init: App version:      1.0.2_20250114_113600[0m
[0;32mI (582) app_init: Compile time:     Jan 14 2025 11:36:23[0m
[0;32mI (588) app_init: ELF file SHA256:  cdde6198bff4ca02...[0m
[0;32mI (594) app_init: ESP-IDF:          v5.3.2[0m
[0;32mI (598) efuse_init: Min chip rev:     v0.0[0m
[0;32mI (603) efuse_init: Max chip rev:     v3.99 [0m
[0;32mI (608) efuse_init: Chip rev:         v3.1[0m
[0;32mI (613) heap_init: Initializing. RAM available for dynamic allocation:[0m
[0;32mI (620) heap_init: At 3FFAE6E0 len 00001920 (6 KiB): DRAM[0m
[0;32mI (626) heap_init: At 3FFB9E88 len 00026178 (152 KiB): DRAM[0m
[0;32mI (632) heap_init: At 3FFE0440 len 00003AE0 (14 KiB): D/IRAM[0m
[0;32mI (639) heap_init: At 3FFE4350 len 0001BCB0 (111 KiB): D/IRAM[0m
[0;32mI (645) heap_init: At 4009AECC len 00005134 (20 KiB): IRAM[0m
[0;32mI (653) spi_flash: detected chip: generic[0m
[0;32mI (656) spi_flash: flash io: dio[0m
[0;32mI (662) main_task: Started on CPU0[0m
[0;32mI (672) main_task: Calling app_main()[0m
[0;32mI (672) MAIN: Initialising WiFi Connection...[0m
[0;32mI (712) gpio: GPIO[34]| InputEn: 1| OutputEn: 0| OpenDrain: 0| Pullup: 0| Pulldown: 0| Intr:0 [0m
[0;32mI (712) gpio: GPIO[35]| InputEn: 1| OutputEn: 0| OpenDrain: 0| Pullup: 0| Pulldown: 0| Intr:0 [0m
[0;32mI (722) gpio: GPIO[36]| InputEn: 1| OutputEn: 0| OpenDrain: 0| Pullup: 0| Pulldown: 0| Intr:0 [0m
[0;32mI (732) gpio: GPIO[39]| InputEn: 1| OutputEn: 0| OpenDrain: 0| Pullup: 0| Pulldown: 0| Intr:0 [0m
[0;32mI (742) gpio: GPIO[2]| InputEn: 0| OutputEn: 1| OpenDrain: 0| Pullup: 0| Pulldown: 0| Intr:0 [0m
[0;32mI (752) gpio: GPIO[14]| InputEn: 0| OutputEn: 1| OpenDrain: 0| Pullup: 0| Pulldown: 0| Intr:0 [0m
[0;32mI (752) gpio: GPIO[15]| InputEn: 0| OutputEn: 1| OpenDrain: 0| Pullup: 0| Pulldown: 0| Intr:0 [0m
[0;32mI (762) gpio: GPIO[25]| InputEn: 0| OutputEn: 1| OpenDrain: 0| Pullup: 0| Pulldown: 0| Intr:0 [0m
[0;32mI (772) gpio: GPIO[26]| InputEn: 0| OutputEn: 1| OpenDrain: 0| Pullup: 0| Pulldown: 0| Intr:0 [0m
[0;32mI (782) gpio: GPIO[27]| InputEn: 0| OutputEn: 1| OpenDrain: 0| Pullup: 0| Pulldown: 0| Intr:0 [0m
[0;32mI (792) IO: Starting[0m
[0;32mI (792) NVS: Hoan thanh
[0m
[0;32mI (802) uart: ESP_INTR_FLAG_IRAM fla[0;32mI (832) esp_eth.netif.netif_glue: 0a:d1:f9:3a:77:a8[0m
[0;32mI (832) esp_eth.netif.netif_glue: ethernet attached to netif[0m
[0;32mI (842) ETHERNET-TASK: Ethernet Started[0m
[0;32mI (842) ETHERNET-TASK: Waiting for IP Address Allocation..............[0m
[0;31mE (842) esp_netif_lwip: esp_netif_new_api: Failed to configure netif with config=0x3ffbc160 (config or if_key is NULL or duplicate key)[0m
[0;31mE (852) ETHERNET-TASK: Failed to create netif[0m
ESP_ERROR_CHECK failed: esp_err_t 0xffffffff (ESP_FAIL) at 0x400d9e0f
file: "./main/Ethernet.c" line 237
func: Eth_Start
expression: ETH_W5500_Set_Static_IP(eth_handles[i])

abort() was called at PC 0x4008c22b on core 0


Backtrace: 0x40081c2a:0x3ffbc0c0 0x4008c235:0x3ffbc0e0 0x40094a91:0x3ffbc100 0x4008c22b:0x3ffbc170 0x400d9e0f:0x3ffbc1a0 0x400d961b:0x3ffbc240 0x400d8481:0x3ffbc270 0x401a8d03:0x3ffbc2e0 0x4008cdfd:0x3ffbc310




ELF file SHA256: cdde6198bff4ca02

Rebooting...
[0;32mI (13) boot: ESP-IDF v5.3.2 2nd stage bootloader[0m
[0;32mI (13) boot: compile time Jan 14 2025 11:37:42[0m
[0;32mI (13) boot: Multicore bootloader[0m
[0;32mI (16) boot: chip revision: v3.1[0m
[0;32mI (20) boot.esp32: SPI Speed      : 40MHz[0m
[0;32mI (25) boot.esp32: SPI Mode       : DIO[0m
[0;32mI (29) boot.esp32: SPI Flash Size : 4MB[0m
[0;32mI (34) boot: Enabling RNG early entropy source...[0m
[0;32mI (39) boot: Partition Table:[0m
[0;32mI (43) boot: ## Label            Usage          Type ST Offset   Length[0m
[0;32mI (50) boot:  0 nvs              WiFi data        01 02 00011000 00019000[0m
[0;32mI (57) boot:  1 otadata          OTA data         01 00 0002a000 00002000[0m
[0;32mI (65) boot:  2 phy_init         RF data          01 01 0002c000 00001000[0m
[0;32mI (72) boot:  3 ota_0            OTA app          00 10 00030000 001a9000[0m
[0;32mI (80) boot:  4 ota_1            OTA app          00 11 001e0000 001a9000[0m
[0;32mI (87) boot:  5 ot_storage       Unknown data     01 3a 00389000 00002000[0m
[0;32mI (95) boot: End of partition table[0m
[0;32mI (99) esp_image: segment 0: paddr=00030020 vaddr=3f400020 size=2a948h (174408) map[0m
[0;32mI (167) esp_image: segment 1: paddr=0005a970 vaddr=3ffb0000 size=0434ch ( 17228) load[0m
[0;32mI (174) esp_image: segment 2: paddr=0005ecc4 vaddr=40080000 size=01354h (  4948) load[0m
[0;32mI (176) esp_image: segment 3: paddr=00060020 vaddr=400d0020 size=dc04ch (901196) map[0m
[0;32mI (490) esp_image: segment 4: paddr=0013c074 vaddr=40081354 size=19b78h (105336) load[0m
[0;32mI (545) boot: Loaded app from partition at offset 0x30000[0m
[0;32mI (545) boot: Disabling RNG early entropy source...[0m
[0;32mI (558) cpu_start: Multicore app[0m
[0;32mI (566) cpu_start: Pro cpu start user code[0m
[0;32mI (566) cpu_start: cpu freq: 160000000 Hz[0m
[0;32mI (566) app_init: Application information:[0m
[0;32mI (569) app_init: Project name:     IOT_HOSHIDEN_20250114_113600[0m
[0;32mI (576) app_init: App version:      1.0.2_20250114_113600[0m
[0;32mI (582) app_init: Compile time:     Jan 14 2025 11:36:23[0m
[0;32mI (588) app_init: ELF file SHA256:  cdde6198bff4ca02...[0m
[0;32mI (594) app_init: ESP-IDF:          v5.3.2[0m
[0;32mI (598) efuse_init: Min chip rev:     v0.0[0m
[0;32mI (603) efuse_init: Max chip rev:     v3.99 [0m
[0;32mI (608) efuse_init: Chip rev:         v3.1[0m
[0;32mI (613) heap_init: Initializing. RAM available for dynamic allocation:[0m
[0;32mI (620) heap_init: At 3FFAE6E0 len 00001920 (6 KiB): DRAM[0m
[0;32mI (626) heap_init: At 3FFB9E88 len 00026178 (152 KiB): DRAM[0m
[0;32mI (632) heap_init: At 3FFE0440 len 00003AE0 (14 KiB): D/IRAM[0m
[0;32mI (639) heap_init: At 3FFE4350 len 0001BCB0 (111 KiB): D/IRAM[0m
[0;32mI (645) heap_init: At 4009AECC len 00005134 (20 KiB): IRAM[0m
[0;32mI (653) spi_flash: detected chip: generic[0m
[0;32mI (656) spi_flash: flash io: dio[0m
[0;32mI (662) main_task: Started on CPU0[0m
[0;32mI (672) main_task: Calling app_main()[0m
[0;32mI (672) MAIN: Initialising WiFi Connection...[0m
[0;32mI (712) gpio: GPIO[34]| InputEn: 1| OutputEn: 0| OpenDrain: 0| Pullup: 0| Pulldown: 0| Intr:0 [0m
[0;32mI (712) gpio: GPIO[35]| InputEn: 1| OutputEn: 0| OpenDrain: 0| Pullup: 0| Pulldown: 0| Intr:0 [0m
[0;32mI (722) gpio: GPIO[36]| InputEn: 1| OutputEn: 0| OpenDrain: 0| Pullup: 0| Pulldown: 0| Intr:0 [0m
[0;32mI (732) gpio: GPIO[39]| InputEn: 1| OutputEn: 0| OpenDrain: 0| Pullup: 0| Pulldown: 0| Intr:0 [0m
[0;32mI (742) gpio: GPIO[2]| InputEn: 0| OutputEn: 1| OpenDrain: 0| Pullup: 0| Pulldown: 0| Intr:0 [0m
[0;32mI (752) gpio: GPIO[14]| InputEn: 0| OutputEn: 1| OpenDrain: 0| Pullup: 0| Pulldown: 0| Intr:0 [0m
[0;32mI (752) gpio: GPIO[15]| InputEn: 0| OutputEn: 1| OpenDrain: 0| Pullup: 0| Pulldown: 0| Intr:0 [0m
[0;32mI (762) gpio: GPIO[25]| InputEn: 0| OutputEn: 1| OpenDrain: 0| Pullup: 0| Pulldown: 0| Intr:0 [0m
[0;32mI (772) gpio: GPIO[26]| InputEn: 0| OutputEn: 1| OpenDrain: 0| Pullup: 0| Pulldown: 0| Intr:0 [0m
[0;32mI (782) gpio: GPIO[27]| InputEn: 0| OutputEn: 1| OpenDrain: 0| Pullup: 0| Pulldown: 0| Intr:0 [0m
[0;32mI (792) IO: Starting[0m
[0;32mI (792) NVS: Hoan thanh
[0m
[0;32mI (802) uart: ESP_INTR_FLAG_IRAM fla[0;32mI (832) esp_eth.netif.netif_glue: 0a:d1:f9:3a:77:a8[0m
[0;32mI (832) esp_eth.netif.netif_glue: ethernet attached to netif[0m
[0;32mI (842) ETHERNET-TASK: Ethernet Started[0m
[0;32mI (842) ETHERNET-TASK: Waiting for IP Address Allocation..............[0m
[0;31mE (842) esp_netif_lwip: esp_netif_new_api: Failed to configure netif with config=0x3ffbc160 (config or if_key is NULL or duplicate key)[0m
[0;31mE (852) ETHERNET-TASK: Failed to create netif[0m
ESP_ERROR_CHECK failed: esp_err_t 0xffffffff (ESP_FAIL) at 0x400d9e0f
file: "./main/Ethernet.c" line 237
func: Eth_Start
expression: ETH_W5500_Set_Static_IP(eth_handles[i])

abort() was called at PC 0x4008c22b on core 0


Backtrace: 0x40081c2a:0x3ffbc0c0 0x4008c235:0x3ffbc0e0 0x40094a91:0x3ffbc100 0x4008c22b:0x3ffbc170 0x400d9e0f:0x3ffbc1a0 0x400d961b:0x3ffbc240 0x400d8481:0x3ffbc270 0x401a8d03:0x3ffbc2e0 0x4008cdfd:0x3ffbc310




ELF file SHA256: cdde6198bff4ca02

Rebooting...
[0;32mI (13) boot: ESP-IDF v5.3.2 2nd stage bootloader[0m
[0;32mI (13) boot: compile time Jan 14 2025 11:37:42[0m
[0;32mI (13) boot: Multicore bootloader[0m
[0;32mI (16) boot: chip revision: v3.1[0m
[0;32mI (20) boot.esp32: SPI Speed      : 40MHz[0m
[0;32mI (25) boot.esp32: SPI Mode       : DIO[0m
[0;32mI (29) boot.esp32: SPI Flash Size : 4MB[0m
[0;32mI (34) boot: Enabling RNG early entropy source...[0m
[0;32mI (39) boot: Partition Table:[0m
[0;32mI (43) boot: ## Label            Usage          Type ST Offset   Length[0m
[0;32mI (50) boot:  0 nvs              WiFi data        01 02 00011000 00019000[0m
[0;32mI (57) boot:  1 otadata          OTA data         01 00 0002a000 00002000[0m
[0;32mI (65) boot:  2 phy_init         RF data          01 01 0002c000 00001000[0m
[0;32mI (72) boot:  3 ota_0            OTA app          00 10 00030000 001a9000[0m
[0;32mI (80) boot:  4 ota_1            OTA app          00 11 001e0000 001a9000[0m
[0;32mI (87) boot:  5 ot_storage       Unknown data     01 3a 00389000 00002000[0m
[0;32mI (95) boot: End of partition table[0m
[0;32mI (99) esp_image: segment 0: paddr=00030020 vaddr=3f400020 size=2a948h (174408) map[0m
[0;32mI (167) esp_image: segment 1: paddr=0005a970 vaddr=3ffb0000 size=0434ch ( 17228) load[0m
[0;32mI (174) esp_image: segment 2: paddr=0005ecc4 vaddr=40080000 size=01354h (  4948) load[0m
[0;32mI (176) esp_image: segment 3: paddr=00060020 vaddr=400d0020 size=dc04ch (901196) map[0m
[0;32mI (490) esp_image: segment 4: paddr=0013c074 vaddr=40081354 size=19b78h (105336) load[0m
[0;32mI (545) boot: Loaded app from partition at offset 0x30000[0m
[0;32mI (545) boot: Disabling RNG early entropy source...[0m
[0;32mI (558) cpu_start: Multicore app[0m
[0;32mI (566) cpu_start: Pro cpu start user code[0m
[0;32mI (566) cpu_start: cpu freq: 160000000 Hz[0m
[0;32mI (566) app_init: Application information:[0m
[0;32mI (569) app_init: Project name:     IOT_HOSHIDEN_20250114_113600[0m
[0;32mI (576) app_init: App version:      1.0.2_20250114_113600[0m
[0;32mI (582) app_init: Compile time:     Jan 14 2025 11:36:23[0m
[0;32mI (588) app_init: ELF file SHA256:  cdde6198bff4ca02...[0m
[0;32mI (594) app_init: ESP-IDF:          v5.3.2[0m
[0;32mI (598) efuse_init: Min chip rev:     v0.0[0m
[0;32mI (603) efuse_init: Max chip rev:     v3.99 [0m
[0;32mI (608) efuse_init: Chip rev:         v3.1[0m
[0;32mI (613) heap_init: Initializing. RAM available for dynamic allocation:[0m
[0;32mI (620) heap_init: At 3FFAE6E0 len 00001920 (6 KiB): DRAM[0m
[0;32mI (626) heap_init: At 3FFB9E88 len 00026178 (152 KiB): DRAM[0m
[0;32mI (632) heap_init: At 3FFE0440 len 00003AE0 (14 KiB): D/IRAM[0m
[0;32mI (639) heap_init: At 3FFE4350 len 0001BCB0 (111 KiB): D/IRAM[0m
[0;32mI (645) heap_init: At 4009AECC len 00005134 (20 KiB): IRAM[0m
[0;32mI (653) spi_flash: detected chip: generic[0m
[0;32mI (656) spi_flash: flash io: dio[0m
[0;32mI (662) main_task: Started on CPU0[0m
[0;32mI (672) main_task: Calling app_main()[0m
[0;32mI (672) MAIN: Initialising WiFi Connection...[0m
[0;32mI (712) gpio: GPIO[34]| InputEn: 1| OutputEn: 0| OpenDrain: 0| Pullup: 0| Pulldown: 0| Intr:0 [0m
[0;32mI (712) gpio: GPIO[35]| InputEn: 1| OutputEn: 0| OpenDrain: 0| Pullup: 0| Pulldown: 0| Intr:0 [0m
[0;32mI (722) gpio: GPIO[36]| InputEn: 1| OutputEn: 0| OpenDrain: 0| Pullup: 0| Pulldown: 0| Intr:0 [0m
[0;32mI (732) gpio: GPIO[39]| InputEn: 1| OutputEn: 0| OpenDrain: 0| Pullup: 0| Pulldown: 0| Intr:0 [0m
[0;32mI (742) gpio: GPIO[2]| InputEn: 0| OutputEn: 1| OpenDrain: 0| Pullup: 0| Pulldown: 0| Intr:0 [0m
[0;32mI (752) gpio: GPIO[14]| InputEn: 0| OutputEn: 1| OpenDrain: 0| Pullup: 0| Pulldown: 0| Intr:0 [0m
[0;32mI (752) gpio: GPIO[15]| InputEn: 0| OutputEn: 1| OpenDrain: 0| Pullup: 0| Pulldown: 0| Intr:0 [0m
[0;32mI (762) gpio: GPIO[25]| InputEn: 0| OutputEn: 1| OpenDrain: 0| Pullup: 0| Pulldown: 0| Intr:0 [0m
[0;32mI (772) gpio: GPIO[26]| InputEn: 0| OutputEn: 1| OpenDrain: 0| Pullup: 0| Pulldown: 0| Intr:0 [0m
[0;32mI (782) gpio: GPIO[27]| InputEn: 0| OutputEn: 1| OpenDrain: 0| Pullup: 0| Pulldown: 0| Intr:0 [0m
[0;32mI (792) IO: Starting[0m
[0;32mI (792) NVS: Hoan thanh
[0m
[0;32mI (802) uart: ESP_INTR_FLAG_IRAM fla[0;32mI (832) esp_eth.netif.netif_glue: 0a:d1:f9:3a:77:a8[0m
[0;32mI (832) esp_eth.netif.netif_glue: ethernet attached to netif[0m
[0;32mI (842) ETHERNET-TASK: Ethernet Started[0m
[0;32mI (842) ETHERNET-TASK: Waiting for IP Address Allocation..............[0m
[0;31mE (842) esp_netif_lwip: esp_netif_new_api: Failed to configure netif with config=0x3ffbc160 (config or if_key is NULL or duplicate key)[0m
[0;31mE (852) ETHERNET-TASK: Failed to create netif[0m
ESP_ERROR_CHECK failed: esp_err_t 0xffffffff (ESP_FAIL) at 0x400d9e0f
file: "./main/Ethernet.c" line 237
func: Eth_Start
expression: ETH_W5500_Set_Static_IP(eth_handles[i])

abort() was called at PC 0x4008c22b on core 0


Backtrace: 0x40081c2a:0x3ffbc0c0 0x4008c235:0x3ffbc0e0 0x40094a91:0x3ffbc100 0x4008c22b:0x3ffbc170 0x400d9e0f:0x3ffbc1a0 0x400d961b:0x3ffbc240 0x400d8481:0x3ffbc270 0x401a8d03:0x3ffbc2e0 0x4008cdfd:0x3ffbc310




ELF file SHA256: cdde6198bff4ca02

Rebooting...
[0;32mI (13) boot: ESP-IDF v5.3.2 2nd stage bootloader[0m
[0;32mI (13) boot: compile time Jan 14 2025 11:37:42[0m
[0;32mI (13) boot: Multicore bootloader[0m
[0;32mI (16) boot: chip revision: v3.1[0m
[0;32mI (20) boot.esp32: SPI Speed      : 40MHz[0m
[0;32mI (25) boot.esp32: SPI Mode       : DIO[0m
[0;32mI (29) boot.esp32: SPI Flash Size : 4MB[0m
[0;32mI (34) boot: Enabling RNG early entropy source...[0m
[0;32mI (39) boot: Partition Table:[0m
[0;32mI (43) boot: ## Label            Usage          Type ST Offset   Length[0m
[0;32mI (50) boot:  0 nvs              WiFi data        01 02 00011000 00019000[0m
[0;32mI (57) boot:  1 otadata          OTA data         01 00 0002a000 00002000[0m
[0;32mI (65) boot:  2 phy_init         RF data          01 01 0002c000 00001000[0m
[0;32mI (72) boot:  3 ota_0            OTA app          00 10 00030000 001a9000[0m
[0;32mI (80) boot:  4 ota_1            OTA app          00 11 001e0000 001a9000[0m
[0;32mI (87) boot:  5 ot_storage       Unknown data     01 3a 00389000 00002000[0m
[0;32mI (95) boot: End of partition table[0m
[0;32mI (99) esp_image: segment 0: paddr=00030020 vaddr=3f400020 size=2a948h (174408) map[0m
[0;32mI (167) esp_image: segment 1: paddr=0005a970 vaddr=3ffb0000 size=0434ch ( 17228) load[0m
[0;32mI (174) esp_image: segment 2: paddr=0005ecc4 vaddr=40080000 size=01354h (  4948) load[0m
[0;32mI (176) esp_image: segment 3: paddr=00060020 vaddr=400d0020 size=dc04ch (901196) map[0m
[0;32mI (490) esp_image: segment 4: paddr=0013c074 vaddr=40081354 size=19b78h (105336) load[0m
[0;32mI (545) boot: Loaded app from partition at offset 0x30000[0m
[0;32mI (545) boot: Disabling RNG early entropy source...[0m
[0;32mI (558) cpu_start: Multicore app[0m
[0;32mI (566) cpu_start: Pro cpu start user code[0m
[0;32mI (566) cpu_start: cpu freq: 160000000 Hz[0m
[0;32mI (566) app_init: Application information:[0m
[0;32mI (569) app_init: Project name:     IOT_HOSHIDEN_20250114_113600[0m
[0;32mI (576) app_init: App version:      1.0.2_20250114_113600[0m
[0;32mI (582) app_init: Compile time:     Jan 14 2025 11:36:23[0m
[0;32mI (588) app_init: ELF file SHA256:  cdde6198bff4ca02...[0m
[0;32mI (594) app_init: ESP-IDF:          v5.3.2[0m
[0;32mI (598) efuse_init: Min chip rev:     v0.0[0m
[0;32mI (603) efuse_init: Max chip rev:     v3.99 [0m
[0;32mI (608) efuse_init: Chip rev:         v3.1[0m
[0;32mI (613) heap_init: Initializing. RAM available for dynamic allocation:[0m
[0;32mI (620) heap_init: At 3FFAE6E0 len 00001920 (6 KiB): DRAM[0m
[0;32mI (626) heap_init: At 3FFB9E88 len 00026178 (152 KiB): DRAM[0m
[0;32mI (632) heap_init: At 3FFE0440 len 00003AE0 (14 KiB): D/IRAM[0m
[0;32mI (639) heap_init: At 3FFE4350 len 0001BCB0 (111 KiB): D/IRAM[0m
[0;32mI (645) heap_init: At 4009AECC len 00005134 (20 KiB): IRAM[0m
[0;32mI (653) spi_flash: detected chip: generic[0m
[0;32mI (656) spi_flash: flash io: dio[0m
[0;32mI (662) main_task: Started on CPU0[0m
[0;32mI (672) main_task: Calling app_main()[0m
[0;32mI (672) MAIN: Initialising WiFi Connection...[0m
[0;32mI (712) gpio: GPIO[34]| InputEn: 1| OutputEn: 0| OpenDrain: 0| Pullup: 0| Pulldown: 0| Intr:0 [0m
[0;32mI (712) gpio: GPIO[35]| InputEn: 1| OutputEn: 0| OpenDrain: 0| Pullup: 0| Pulldown: 0| Intr:0 [0m
[0;32mI (722) gpio: GPIO[36]| InputEn: 1| OutputEn: 0| OpenDrain: 0| Pullup: 0| Pulldown: 0| Intr:0 [0m
[0;32mI (732) gpio: GPIO[39]| InputEn: 1| OutputEn: 0| OpenDrain: 0| Pullup: 0| Pulldown: 0| Intr:0 [0m
[0;32mI (742) gpio: GPIO[2]| InputEn: 0| OutputEn: 1| OpenDrain: 0| Pullup: 0| Pulldown: 0| Intr:0 [0m
[0;32mI (752) gpio: GPIO[14]| InputEn: 0| OutputEn: 1| OpenDrain: 0| Pullup: 0| Pulldown: 0| Intr:0 [0m
[0;32mI (752) gpio: GPIO[15]| InputEn: 0| OutputEn: 1| OpenDrain: 0| Pullup: 0| Pulldown: 0| Intr:0 [0m
[0;32mI (762) gpio: GPIO[25]| InputEn: 0| OutputEn: 1| OpenDrain: 0| Pullup: 0| Pulldown: 0| Intr:0 [0m
[0;32mI (772) gpio: GPIO[26]| InputEn: 0| OutputEn: 1| OpenDrain: 0| Pullup: 0| Pulldown: 0| Intr:0 [0m
[0;32mI (782) gpio: GPIO[27]| InputEn: 0| OutputEn: 1| OpenDrain: 0| Pullup: 0| Pulldown: 0| Intr:0 [0m
[0;32mI (792) IO: Starting[0m
[0;32mI (792) NVS: Hoan thanh
[0m
[0;32mI (802) uart: ESP_INTR_FLAG_IRAM fla[0;32mI (832) esp_eth.netif.netif_glue: 0a:d1:f9:3a:77:a8[0m
[0;32mI (832) esp_eth.netif.netif_glue: ethernet attached to netif[0m
[0;32mI (842) ETHERNET-TASK: Ethernet Started[0m
[0;32mI (842) ETHERNET-TASK: Waiting for IP Address Allocation..............[0m
[0;31mE (842) esp_netif_lwip: esp_netif_new_api: Failed to configure netif with config=0x3ffbc160 (config or if_key is NULL or duplicate key)[0m
[0;31mE (852) ETHERNET-TASK: Failed to create netif[0m
ESP_ERROR_CHECK failed: esp_err_t 0xffffffff (ESP_FAIL) at 0x400d9e0f
file: "./main/Ethernet.c" line 237
func: Eth_Start
expression: ETH_W5500_Set_Static_IP(eth_handles[i])

abort() was called at PC 0x4008c22b on core 0


Backtrace: 0x40081c2a:0x3ffbc0c0 0x4008c235:0x3ffbc0e0 0x40094a91:0x3ffbc100 0x4008c22b:0x3ffbc170 0x400d9e0f:0x3ffbc1a0 0x400d961b:0x3ffbc240 0x400d8481:0x3ffbc270 0x401a8d03:0x3ffbc2e0 0x4008cdfd:0x3ffbc310




ELF file SHA256: cdde6198bff4ca02

Rebooting...
[0;32mI (13) boot: ESP-IDF v5.3.2 2nd stage bootloader[0m
[0;32mI (13) boot: compile time Jan 14 2025 11:37:42[0m
[0;32mI (13) boot: Multicore bootloader[0m
[0;32mI (16) boot: chip revision: v3.1[0m
[0;32mI (20) boot.esp32: SPI Speed      : 40MHz[0m
[0;32mI (25) boot.esp32: SPI Mode       : DIO[0m
[0;32mI (29) boot.esp32: SPI Flash Size : 4MB[0m
[0;32mI (34) boot: Enabling RNG early entropy source...[0m
[0;32mI (39) boot: Partition Table:[0m
[0;32mI (43) boot: ## Label            Usage          Type ST Offset   Length[0m
[0;32mI (50) boot:  0 nvs              WiFi data        01 02 00011000 00019000[0m
[0;32mI (57) boot:  1 otadata          OTA data         01 00 0002a000 00002000[0m
[0;32mI (65) boot:  2 phy_init         RF data          01 01 0002c000 00001000[0m
[0;32mI (72) boot:  3 ota_0            OTA app          00 10 00030000 001a9000[0m
[0;32mI (80) boot:  4 ota_1            OTA app          00 11 001e0000 001a9000[0m
[0;32mI (87) boot:  5 ot_storage       Unknown data     01 3a 00389000 00002000[0m
[0;32mI (95) boot: End of partition table[0m
[0;32mI (99) esp_image: segment 0: paddr=00030020 vaddr=3f400020 size=2a948h (174408) map[0m
[0;32mI (167) esp_image: segment 1: paddr=0005a970 vaddr=3ffb0000 size=0434ch ( 17228) load[0m
[0;32mI (174) esp_image: segment 2: paddr=0005ecc4 vaddr=40080000 size=01354h (  4948) load[0m
[0;32mI (176) esp_image: segment 3: paddr=00060020 vaddr=400d0020 size=dc04ch (901196) map[0m
[0;32mI (490) esp_image: segment 4: paddr=0013c074 vaddr=40081354 size=19b78h (105336) load[0m
[0;32mI (545) boot: Loaded app from partition at offset 0x30000[0m
[0;32mI (545) boot: Disabling RNG early entropy source...[0m
[0;32mI (558) cpu_start: Multicore app[0m
[0;32mI (566) cpu_start: Pro cpu start user code[0m
[0;32mI (566) cpu_start: cpu freq: 160000000 Hz[0m
[0;32mI (566) app_init: Application information:[0m
[0;32mI (569) app_init: Project name:     IOT_HOSHIDEN_20250114_113600[0m
[0;32mI (576) app_init: App version:      1.0.2_20250114_113600[0m
[0;32mI (582) app_init: Compile time:     Jan 14 2025 11:36:23[0m
[0;32mI (588) app_init: ELF file SHA256:  cdde6198bff4ca02...[0m
[0;32mI (594) app_init: ESP-IDF:          v5.3.2[0m
[0;32mI (598) efuse_init: Min chip rev:     v0.0[0m
[0;32mI (603) efuse_init: Max chip rev:     v3.99 [0m
[0;32mI (608) efuse_init: Chip rev:         v3.1[0m
[0;32mI (613) heap_init: Initializing. RAM available for dynamic allocation:[0m
[0;32mI (620) heap_init: At 3FFAE6E0 len 00001920 (6 KiB): DRAM[0m
[0;32mI (626) heap_init: At 3FFB9E88 len 00026178 (152 KiB): DRAM[0m
[0;32mI (632) heap_init: At 3FFE0440 len 00003AE0 (14 KiB): D/IRAM[0m
[0;32mI (639) heap_init: At 3FFE4350 len 0001BCB0 (111 KiB): D/IRAM[0m
[0;32mI (645) heap_init: At 4009AECC len 00005134 (20 KiB): IRAM[0m
[0;32mI (653) spi_flash: detected chip: generic[0m
[0;32mI (656) spi_flash: flash io: dio[0m
[0;32mI (662) main_task: Started on CPU0[0m
[0;32mI (672) main_task: Calling app_main()[0m
[0;32mI (672) MAIN: Initialising WiFi Connection...[0m
[0;32mI (712) gpio: GPIO[34]| InputEn: 1| OutputEn: 0| OpenDrain: 0| Pullup: 0| Pulldown: 0| Intr:0 [0m
[0;32mI (712) gpio: GPIO[35]| InputEn: 1| OutputEn: 0| OpenDrain: 0| Pullup: 0| Pulldown: 0| Intr:0 [0m
[0;32mI (722) gpio: GPIO[36]| InputEn: 1| OutputEn: 0| OpenDrain: 0| Pullup: 0| Pulldown: 0| Intr:0 [0m
[0;32mI (732) gpio: GPIO[39]| InputEn: 1| OutputEn: 0| OpenDrain: 0| Pullup: 0| Pulldown: 0| Intr:0 [0m
[0;32mI (742) gpio: GPIO[2]| InputEn: 0| OutputEn: 1| OpenDrain: 0| Pullup: 0| Pulldown: 0| Intr:0 [0m
[0;32mI (752) gpio: GPIO[14]| InputEn: 0| OutputEn: 1| OpenDrain: 0| Pullup: 0| Pulldown: 0| Intr:0 [0m
[0;32mI (752) gpio: GPIO[15]| InputEn: 0| OutputEn: 1| OpenDrain: 0| Pullup: 0| Pulldown: 0| Intr:0 [0m
[0;32mI (762) gpio: GPIO[25]| InputEn: 0| OutputEn: 1| OpenDrain: 0| Pullup: 0| Pulldown: 0| Intr:0 [0m
[0;32mI (772) gpio: GPIO[26]| InputEn: 0| OutputEn: 1| OpenDrain: 0| Pullup: 0| Pulldown: 0| Intr:0 [0m
[0;32mI (782) gpio: GPIO[27]| InputEn: 0| OutputEn: 1| OpenDrain: 0| Pullup: 0| Pulldown: 0| Intr:0 [0m
[0;32mI (792) IO: Starting[0m
[0;32mI (792) NVS: Hoan thanh
[0m
[0;32mI (802) uart: ESP_INTR_FLAG_IRAM fla[0;32mI (832) esp_eth.netif.netif_glue: 0a:d1:f9:3a:77:a8[0m
[0;32mI (832) esp_eth.netif.netif_glue: ethernet attached to netif[0m
[0;32mI (842) ETHERNET-TASK: Ethernet Started[0m
[0;32mI (842) ETHERNET-TASK: Waiting for IP Address Allocation..............[0m
[0;31mE (842) esp_netif_lwip: esp_netif_new_api: Failed to configure netif with config=0x3ffbc160 (config or if_key is NULL or duplicate key)[0m
[0;31mE (852) ETHERNET-TASK: Failed to create netif[0m
ESP_ERROR_CHECK failed: esp_err_t 0xffffffff (ESP_FAIL) at 0x400d9e0f
file: "./main/Ethernet.c" line 237
func: Eth_Start
expression: ETH_W5500_Set_Static_IP(eth_handles[i])

abort() was called at PC 0x4008c22b on core 0


Backtrace: 0x40081c2a:0x3ffbc0c0 0x4008c235:0x3ffbc0e0 0x40094a91:0x3ffbc100 0x4008c22b:0x3ffbc170 0x400d9e0f:0x3ffbc1a0 0x400d961b:0x3ffbc240 0x400d8481:0x3ffbc270 0x401a8d03:0x3ffbc2e0 0x4008cdfd:0x3ffbc310




ELF file SHA256: cdde6198bff4ca02

Rebooting...
[0;32mI (13) boot: ESP-IDF v5.3.2 2nd stage bootloader[0m
[0;32mI (13) boot: compile time Jan 14 2025 11:37:42[0m
[0;32mI (13) boot: Multicore bootloader[0m
[0;32mI (16) boot: chip revision: v3.1[0m
[0;32mI (20) boot.esp32: SPI Speed      : 40MHz[0m
[0;32mI (25) boot.esp32: SPI Mode       : DIO[0m
[0;32mI (29) boot.esp32: SPI Flash Size : 4MB[0m
[0;32mI (34) boot: Enabling RNG early entropy source...[0m
[0;32mI (39) boot: Partition Table:[0m
